Archive member included to satisfy reference by file (symbol)

app/libapp.a(main.c.obj)      (--whole-archive)
app/libapp.a(npm_fuel_gauge.c.obj)
                              (--whole-archive)
zephyr/libzephyr.a(heap.c.obj)
                              (--whole-archive)
zephyr/libzephyr.a(cbprintf_packaged.c.obj)
                              (--whole-archive)
zephyr/libzephyr.a(printk.c.obj)
                              (--whole-archive)
zephyr/libzephyr.a(sem.c.obj)
                              (--whole-archive)
zephyr/libzephyr.a(thread_entry.c.obj)
                              (--whole-archive)
zephyr/libzephyr.a(cbprintf_complete.c.obj)
                              (--whole-archive)
zephyr/libzephyr.a(assert.c.obj)
                              (--whole-archive)
zephyr/libzephyr.a(dec.c.obj)
                              (--whole-archive)
zephyr/libzephyr.a(hex.c.obj)
                              (--whole-archive)
zephyr/libzephyr.a(rb.c.obj)  (--whole-archive)
zephyr/libzephyr.a(timeutil.c.obj)
                              (--whole-archive)
zephyr/libzephyr.a(bitarray.c.obj)
                              (--whole-archive)
zephyr/libzephyr.a(onoff.c.obj)
                              (--whole-archive)
zephyr/libzephyr.a(notify.c.obj)
                              (--whole-archive)
zephyr/libzephyr.a(configs.c.obj)
                              (--whole-archive)
zephyr/libzephyr.a(mem_attr.c.obj)
                              (--whole-archive)
zephyr/libzephyr.a(device.c.obj)
                              (--whole-archive)
zephyr/libzephyr.a(device_system_managed.c.obj)
                              (--whole-archive)
zephyr/libzephyr.a(tracing_none.c.obj)
                              (--whole-archive)
zephyr/libzephyr.a(banner.c.obj)
                              (--whole-archive)
zephyr/libzephyr.a(flash_map_partition_manager.c.obj)
                              (--whole-archive)
zephyr/arch/common/libarch__common.a(sw_isr_common.c.obj)
                              (--whole-archive)
zephyr/arch/arch/arm/core/libarch__arm__core.a(fatal.c.obj)
                              (--whole-archive)
zephyr/arch/arch/arm/core/libarch__arm__core.a(nmi.c.obj)
                              (--whole-archive)
zephyr/arch/arch/arm/core/libarch__arm__core.a(nmi_on_reset.S.obj)
                              (--whole-archive)
zephyr/arch/arch/arm/core/libarch__arm__core.a(tls.c.obj)
                              (--whole-archive)
zephyr/arch/arch/arm/core/cortex_m/libarch__arm__core__cortex_m.a(exc_exit.c.obj)
                              (--whole-archive)
zephyr/arch/arch/arm/core/cortex_m/libarch__arm__core__cortex_m.a(fault.c.obj)
                              (--whole-archive)
zephyr/arch/arch/arm/core/cortex_m/libarch__arm__core__cortex_m.a(fault_s.S.obj)
                              (--whole-archive)
zephyr/arch/arch/arm/core/cortex_m/libarch__arm__core__cortex_m.a(fpu.c.obj)
                              (--whole-archive)
zephyr/arch/arch/arm/core/cortex_m/libarch__arm__core__cortex_m.a(reset.S.obj)
                              (--whole-archive)
zephyr/arch/arch/arm/core/cortex_m/libarch__arm__core__cortex_m.a(scb.c.obj)
                              (--whole-archive)
zephyr/arch/arch/arm/core/cortex_m/libarch__arm__core__cortex_m.a(thread_abort.c.obj)
                              (--whole-archive)
zephyr/arch/arch/arm/core/cortex_m/libarch__arm__core__cortex_m.a(vector_table.S.obj)
                              (--whole-archive)
zephyr/arch/arch/arm/core/cortex_m/libarch__arm__core__cortex_m.a(swap.c.obj)
                              (--whole-archive)
zephyr/arch/arch/arm/core/cortex_m/libarch__arm__core__cortex_m.a(swap_helper.S.obj)
                              (--whole-archive)
zephyr/arch/arch/arm/core/cortex_m/libarch__arm__core__cortex_m.a(irq_manage.c.obj)
                              (--whole-archive)
zephyr/arch/arch/arm/core/cortex_m/libarch__arm__core__cortex_m.a(prep_c.c.obj)
                              (--whole-archive)
zephyr/arch/arch/arm/core/cortex_m/libarch__arm__core__cortex_m.a(thread.c.obj)
                              (--whole-archive)
zephyr/arch/arch/arm/core/cortex_m/libarch__arm__core__cortex_m.a(cpu_idle.c.obj)
                              (--whole-archive)
zephyr/arch/arch/arm/core/cortex_m/libarch__arm__core__cortex_m.a(irq_init.c.obj)
                              (--whole-archive)
zephyr/arch/arch/arm/core/cortex_m/libarch__arm__core__cortex_m.a(isr_wrapper.c.obj)
                              (--whole-archive)
zephyr/arch/arch/arm/core/cortex_m/libarch__arm__core__cortex_m.a(__aeabi_read_tp.S.obj)
                              (--whole-archive)
zephyr/arch/arch/arm/core/cortex_m/cmse/libarch__arm__core__cortex_m__cmse.a(arm_core_cmse.c.obj)
                              (--whole-archive)
zephyr/arch/arch/arm/core/mpu/libarch__arm__core__mpu.a(arm_core_mpu.c.obj)
                              (--whole-archive)
[...]
Memory Configuration

Name             Origin             Length             Attributes
FLASH            0x0000000000000000 0x0000000000165000 xr
RAM              0x0000000020000000 0x000000000002f000 xw
IDT_LIST         0x00000000ffff7fff 0x0000000000008000 xw
*default*        0x0000000000000000 0xffffffffffffffff

Linker script and memory map

                0x00000000000075f8                vfprintf = __l_vfprintf
                0x0000000000000000                vfscanf = __l_vfscanf
LOAD zephyr/CMakeFiles/zephyr_pre0.dir/misc/empty_file.c.obj
LOAD zephyr/CMakeFiles/offsets.dir/./arch/arm/core/offsets/offsets.c.obj
LOAD app/libapp.a
LOAD zephyr/libzephyr.a
LOAD zephyr/arch/common/libarch__common.a
LOAD zephyr/arch/arch/arm/core/libarch__arm__core.a
LOAD zephyr/arch/arch/arm/core/cortex_m/libarch__arm__core__cortex_m.a
LOAD zephyr/arch/arch/arm/core/cortex_m/cmse/libarch__arm__core__cortex_m__cmse.a
LOAD zephyr/arch/arch/arm/core/mpu/libarch__arm__core__mpu.a
LOAD zephyr/lib/libc/picolibc/liblib__libc__picolibc.a
LOAD zephyr/lib/libc/common/liblib__libc__common.a
LOAD zephyr/soc/soc/nrf54l15/libsoc__nordic.a
LOAD zephyr/drivers/cache/libdrivers__cache.a
LOAD zephyr/drivers/clock_control/libdrivers__clock_control.a
LOAD zephyr/drivers/console/libdrivers__console.a
LOAD zephyr/drivers/gpio/libdrivers__gpio.a
LOAD zephyr/drivers/i2c/libdrivers__i2c.a
LOAD zephyr/drivers/mfd/libdrivers__mfd.a
LOAD zephyr/drivers/pinctrl/libdrivers__pinctrl.a
LOAD zephyr/drivers/regulator/libdrivers__regulator.a
LOAD zephyr/drivers/sensor/nordic/temp/libdrivers__sensor__nordic__temp.a
LOAD zephyr/drivers/sensor/nordic/npm1300_charger/libdrivers__sensor__nordic__npm1300_charger.a
LOAD zephyr/drivers/serial/libdrivers__serial.a
LOAD zephyr/drivers/timer/libdrivers__timer.a
LOAD modules/hal_nordic/nrfx/libmodules__hal_nordic__nrfx.a
LOAD zephyr/kernel/libkernel.a
LOAD /home/zengzhi/ncs/v2.9.0/nrfxlib/nrf_fuel_gauge/lib/cortex-m33/soft-float/libnrf_fuel_gauge.a
LOAD zephyr/arch/common/libisr_tables.a
LOAD /home/zengzhi/ncs/toolchains/b77d8c1312/opt/zephyr-sdk/arm-zephyr-eabi/bin/../lib/gcc/../../picolibc/arm-zephyr-eabi/lib/thumb/v8-m.main/nofp/libc.a
LOAD /home/zengzhi/ncs/toolchains/b77d8c1312/opt/zephyr-sdk/arm-zephyr-eabi/bin/../lib/gcc/arm-zephyr-eabi/12.2.0/thumb/v8-m.main/nofp/libgcc.a
                0x0000000000000020                _region_min_align = 0x20

.rel.plt        0x0000000000000000        0x0
 *(SORT_BY_ALIGNMENT(.rel.plt))
                [!provide]                        PROVIDE (__rel_iplt_start = .)
 *(SORT_BY_ALIGNMENT(.rel.iplt))
 .rel.iplt      0x0000000000000000        0x0 app/libapp.a(main.c.obj)
                [!provide]                        PROVIDE (__rel_iplt_end = .)

.rela.plt       0x0000000000000000        0x0
 *(SORT_BY_ALIGNMENT(.rela.plt))
                [!provide]                        PROVIDE (__rela_iplt_start = .)
 *(SORT_BY_ALIGNMENT(.rela.iplt))
                [!provide]                        PROVIDE (__rela_iplt_end = .)

.rel.dyn
 *(SORT_BY_ALIGNMENT(.rel.*))

.rela.dyn
 *(SORT_BY_ALIGNMENT(.rela.*))

/DISCARD/
 *(SORT_BY_ALIGNMENT(.plt))

/DISCARD/
 *(SORT_BY_ALIGNMENT(.iplt))
                0x0000000000000000                __rom_region_start = 0x0

rom_start       0x0000000000000000      0x47c
                0x0000000000000000                __rom_start_address = .
 FILL mask 0x00
                0x0000000000000000                . = (. + (0x0 - (. - __rom_start_address)))
                0x0000000000000000                . = ALIGN (0x4)
                0x0000000000000000                . = ALIGN (0x80)
                0x0000000000000000                . = ALIGN (0x800)
                0x0000000000000000                _vector_start = .
 *(SORT_BY_ALIGNMENT(.exc_vector_table))
 *(SORT_BY_ALIGNMENT(.exc_vector_table.*))
 .exc_vector_table._vector_table_section
                0x0000000000000000       0x40 zephyr/arch/arch/arm/core/cortex_m/libarch__arm__core__cortex_m.a(vector_table.S.obj)
                0x0000000000000000                _vector_table
 *(SORT_BY_ALIGNMENT(.vectors))
                0x000000000000047c                _vector_end = .
                0x0000000000000040                . = ALIGN (0x4)
 *(SORT_BY_ALIGNMENT(.gnu.linkonce.irq_vector_table*))
 .gnu.linkonce.irq_vector_table
                0x0000000000000040      0x43c zephyr/arch/common/libisr_tables.a(isr_tables.c.obj)
                0x0000000000000040                _irq_vector_table
                0x000000000000047c                _vector_end = .

text            0x0000000000000480     0x94a8
                0x0000000000000480                __text_region_start = .
 *(SORT_BY_ALIGNMENT(.text))
 .text          0x0000000000000480       0x2c /home/zengzhi/ncs/v2.9.0/nrfxlib/nrf_fuel_gauge/lib/cortex-m33/soft-float/libnrf_fuel_gauge.a(libnrf_fuel_gauge__obfuscated.elf)
                0x0000000000000480                sym_3UIHQUC7XVAXESSVI5JMOL44XN7QRX6LGJLZCPA
 .text          0x00000000000004ac      0x478 /home/zengzhi/ncs/v2.9.0/nrfxlib/nrf_fuel_gauge/lib/cortex-m33/soft-float/libnrf_fuel_gauge.a(libnrf_fuel_gauge__obfuscated.elf)
                0x00000000000004ac                sym_5OPP37WU6XHQMSAL5GW2DIFF6HY5W7NQQYWLB5Y
 .text          0x0000000000000924      0x100 /home/zengzhi/ncs/v2.9.0/nrfxlib/nrf_fuel_gauge/lib/cortex-m33/soft-float/libnrf_fuel_gauge.a(libnrf_fuel_gauge__obfuscated.elf)
                0x0000000000000924                sym_OPTO2XH6CI6Y5TL7RRJWOQE3AL2WZINJXFVJHQY
 .text          0x0000000000000a24       0x5c /home/zengzhi/ncs/v2.9.0/nrfxlib/nrf_fuel_gauge/lib/cortex-m33/soft-float/libnrf_fuel_gauge.a(libnrf_fuel_gauge__obfuscated.elf)
                0x0000000000000a24                sym_ZYPI4JQCEQGXDLJFOPU5GSQ3XIVTXZC6R4B7OYQ
 .text          0x0000000000000a80       0x5c /home/zengzhi/ncs/v2.9.0/nrfxlib/nrf_fuel_gauge/lib/cortex-m33/soft-float/libnrf_fuel_gauge.a(libnrf_fuel_gauge__obfuscated.elf)
                0x0000000000000a80                sym_Y7TL3SFWHWSOZBTJCULEIA3LHLTTIAX7EYNM7OQ
 .text          0x0000000000000adc       0x18 /home/zengzhi/ncs/v2.9.0/nrfxlib/nrf_fuel_gauge/lib/cortex-m33/soft-float/libnrf_fuel_gauge.a(libnrf_fuel_gauge__obfuscated.elf)
                0x0000000000000adc                sym_IIGOMG7JGLSQ4TS65377DCUR25GF54AHS4YY7WY
 .text          0x0000000000000af4       0x90 /home/zengzhi/ncs/v2.9.0/nrfxlib/nrf_fuel_gauge/lib/cortex-m33/soft-float/libnrf_fuel_gauge.a(libnrf_fuel_gauge__obfuscated.elf)
                0x0000000000000af4                nrf_fuel_gauge_init
 .text          0x0000000000000b84      0x378 /home/zengzhi/ncs/toolchains/b77d8c1312/opt/zephyr-sdk/arm-zephyr-eabi/bin/../lib/gcc/arm-zephyr-eabi/12.2.0/thumb/v8-m.main/nofp/libgcc.a(_arm_addsubdf3.o)
                0x0000000000000b84                __aeabi_drsub
                0x0000000000000b8c                __aeabi_dsub
                0x0000000000000b8c                __subdf3
                0x0000000000000b90                __adddf3
                0x0000000000000b90                __aeabi_dadd
                0x0000000000000e08                __aeabi_ui2d
                0x0000000000000e08                __floatunsidf
                0x0000000000000e28                __floatsidf
                0x0000000000000e28                __aeabi_i2d
                0x0000000000000e4c                __extendsfdf2
                0x0000000000000e4c                __aeabi_f2d
                0x0000000000000e90                __aeabi_ul2d
                0x0000000000000e90                __floatundidf
                0x0000000000000ea0                __floatdidf
                0x0000000000000ea0                __aeabi_l2d
 .text          0x0000000000000efc      0x424 /home/zengzhi/ncs/toolchains/b77d8c1312/opt/zephyr-sdk/arm-zephyr-eabi/bin/../lib/gcc/arm-zephyr-eabi/12.2.0/thumb/v8-m.main/nofp/libgcc.a(_arm_muldivdf3.o)
                0x0000000000000efc                __aeabi_dmul
                0x0000000000000efc                __muldf3
                0x0000000000001150                __aeabi_ddiv
                0x0000000000001150                __divdf3
 .text          0x0000000000001320      0x110 /home/zengzhi/ncs/toolchains/b77d8c1312/opt/zephyr-sdk/arm-zephyr-eabi/bin/../lib/gcc/arm-zephyr-eabi/12.2.0/thumb/v8-m.main/nofp/libgcc.a(_arm_cmpdf2.o)
                0x0000000000001320                __gtdf2
                0x0000000000001320                __gedf2
                0x0000000000001328                __ltdf2
                0x0000000000001328                __ledf2
                0x0000000000001330                __cmpdf2
                0x0000000000001330                __eqdf2
                0x0000000000001330                __nedf2
                0x00000000000013ac                __aeabi_cdrcmple
                0x00000000000013bc                __aeabi_cdcmple
                0x00000000000013bc                __aeabi_cdcmpeq
                0x00000000000013cc                __aeabi_dcmpeq
                0x00000000000013e0                __aeabi_dcmplt
                0x00000000000013f4                __aeabi_dcmple
                0x0000000000001408                __aeabi_dcmpge
                0x000000000000141c                __aeabi_dcmpgt
 .text          0x0000000000001430       0x2c /home/zengzhi/ncs/toolchains/b77d8c1312/opt/zephyr-sdk/arm-zephyr-eabi/bin/../lib/gcc/arm-zephyr-eabi/12.2.0/thumb/v8-m.main/nofp/libgcc.a(_arm_unorddf2.o)
                0x0000000000001430                __aeabi_dcmpun
                0x0000000000001430                __unorddf2
 .text          0x000000000000145c       0x50 /home/zengzhi/ncs/toolchains/b77d8c1312/opt/zephyr-sdk/arm-zephyr-eabi/bin/../lib/gcc/arm-zephyr-eabi/12.2.0/thumb/v8-m.main/nofp/libgcc.a(_arm_fixdfsi.o)
                0x000000000000145c                __fixdfsi
                0x000000000000145c                __aeabi_d2iz
 .text          0x00000000000014ac       0x40 /home/zengzhi/ncs/toolchains/b77d8c1312/opt/zephyr-sdk/arm-zephyr-eabi/bin/../lib/gcc/arm-zephyr-eabi/12.2.0/thumb/v8-m.main/nofp/libgcc.a(_arm_fixunsdfsi.o)
                0x00000000000014ac                __fixunsdfsi
                0x00000000000014ac                __aeabi_d2uiz
 .text          0x00000000000014ec       0xa0 /home/zengzhi/ncs/toolchains/b77d8c1312/opt/zephyr-sdk/arm-zephyr-eabi/bin/../lib/gcc/arm-zephyr-eabi/12.2.0/thumb/v8-m.main/nofp/libgcc.a(_arm_truncdfsf2.o)
                0x00000000000014ec                __aeabi_d2f
                0x00000000000014ec                __truncdfsf2
 .text          0x000000000000158c      0x21c /home/zengzhi/ncs/toolchains/b77d8c1312/opt/zephyr-sdk/arm-zephyr-eabi/bin/../lib/gcc/arm-zephyr-eabi/12.2.0/thumb/v8-m.main/nofp/libgcc.a(_arm_addsubsf3.o)
                0x000000000000158c                __aeabi_frsub
                0x0000000000001594                __subsf3
                0x0000000000001594                __aeabi_fsub
                0x0000000000001598                __aeabi_fadd
                0x0000000000001598                __addsf3
                0x00000000000016f8                __aeabi_ui2f
                0x00000000000016f8                __floatunsisf
                0x0000000000001700                __aeabi_i2f
                0x0000000000001700                __floatsisf
                0x000000000000171c                __floatundisf
                0x000000000000171c                __aeabi_ul2f
                0x000000000000172c                __floatdisf
                0x000000000000172c                __aeabi_l2f
 .text          0x00000000000017a8      0x2a0 /home/zengzhi/ncs/toolchains/b77d8c1312/opt/zephyr-sdk/arm-zephyr-eabi/bin/../lib/gcc/arm-zephyr-eabi/12.2.0/thumb/v8-m.main/nofp/libgcc.a(_arm_muldivsf3.o)
                0x00000000000017a8                __mulsf3
                0x00000000000017a8                __aeabi_fmul
                0x0000000000001910                __divsf3
                0x0000000000001910                __aeabi_fdiv
 .text          0x0000000000001a48       0xec /home/zengzhi/ncs/toolchains/b77d8c1312/opt/zephyr-sdk/arm-zephyr-eabi/bin/../lib/gcc/arm-zephyr-eabi/12.2.0/thumb/v8-m.main/nofp/libgcc.a(_arm_cmpsf2.o)
                0x0000000000001a48                __gtsf2
                0x0000000000001a48                __gesf2
                0x0000000000001a50                __lesf2
                0x0000000000001a50                __ltsf2
                0x0000000000001a58                __nesf2
                0x0000000000001a58                __eqsf2
                0x0000000000001a58                __cmpsf2
                0x0000000000001ab8                __aeabi_cfrcmple
                0x0000000000001ac0                __aeabi_cfcmple
                0x0000000000001ac0                __aeabi_cfcmpeq
                0x0000000000001ad0                __aeabi_fcmpeq
                0x0000000000001ae4                __aeabi_fcmplt
                0x0000000000001af8                __aeabi_fcmple
                0x0000000000001b0c                __aeabi_fcmpge
                0x0000000000001b20                __aeabi_fcmpgt
 .text          0x0000000000001b34       0x4c /home/zengzhi/ncs/toolchains/b77d8c1312/opt/zephyr-sdk/arm-zephyr-eabi/bin/../lib/gcc/arm-zephyr-eabi/12.2.0/thumb/v8-m.main/nofp/libgcc.a(_arm_fixsfsi.o)
                0x0000000000001b34                __fixsfsi
                0x0000000000001b34                __aeabi_f2iz
 .text          0x0000000000001b80       0x30 /home/zengzhi/ncs/toolchains/b77d8c1312/opt/zephyr-sdk/arm-zephyr-eabi/bin/../lib/gcc/arm-zephyr-eabi/12.2.0/thumb/v8-m.main/nofp/libgcc.a(_aeabi_uldivmod.o)
                0x0000000000001b80                __aeabi_uldivmod
 .text          0x0000000000001bb0        0x4 /home/zengzhi/ncs/toolchains/b77d8c1312/opt/zephyr-sdk/arm-zephyr-eabi/bin/../lib/gcc/arm-zephyr-eabi/12.2.0/thumb/v8-m.main/nofp/libgcc.a(_dvmd_tls.o)
                0x0000000000001bb0                __aeabi_ldiv0
                0x0000000000001bb0                __aeabi_idiv0
 .text          0x0000000000001bb4      0x29c /home/zengzhi/ncs/toolchains/b77d8c1312/opt/zephyr-sdk/arm-zephyr-eabi/bin/../lib/gcc/arm-zephyr-eabi/12.2.0/thumb/v8-m.main/nofp/libgcc.a(_udivmoddi4.o)
                0x0000000000001bb4                __udivmoddi4
 *(SORT_BY_ALIGNMENT(.text.*))
 .text.exp      0x0000000000001e50      0x2ec /home/zengzhi/ncs/toolchains/b77d8c1312/opt/zephyr-sdk/arm-zephyr-eabi/bin/../lib/gcc/../../picolibc/arm-zephyr-eabi/lib/thumb/v8-m.main/nofp/libc.a(libm_math_s_exp.c.o)
                0x0000000000001e50                exp
                0x0000000000001e50                expl
 *fill*         0x000000000000213c        0x4 
 .text.log      0x0000000000002140      0x360 /home/zengzhi/ncs/toolchains/b77d8c1312/opt/zephyr-sdk/arm-zephyr-eabi/bin/../lib/gcc/../../picolibc/arm-zephyr-eabi/lib/thumb/v8-m.main/nofp/libc.a(libm_math_s_log.c.o)
                0x0000000000002140                log
                0x0000000000002140                logl
 .text.gpio_pin_configure.constprop.0.isra.0
                0x00000000000024a0       0x28 app/libapp.a(main.c.obj)
 .text.main     0x00000000000024c8       0x5c app/libapp.a(main.c.obj)
                0x00000000000024c8                main
 .text.event_callback
                0x0000000000002524       0x34 app/libapp.a(npm_fuel_gauge.c.obj)
 .text.read_sensors
                0x0000000000002558       0xac app/libapp.a(npm_fuel_gauge.c.obj)
 .text.fuel_gauge_init
                0x0000000000002604       0xb0 app/libapp.a(npm_fuel_gauge.c.obj)
                0x0000000000002604                fuel_gauge_init
 .text.npm_initial
                0x00000000000026b4      0x124 app/libapp.a(npm_fuel_gauge.c.obj)
                0x00000000000026b4                npm_initial
 .text.char_out
                0x00000000000027d8        0xc zephyr/libzephyr.a(printk.c.obj)
 .text.__printk_hook_install
                0x00000000000027e4        0xc zephyr/libzephyr.a(printk.c.obj)
                0x00000000000027e4                __printk_hook_install
 .text.vprintk  0x00000000000027f0       0x30 zephyr/libzephyr.a(printk.c.obj)
                0x00000000000027f0                vprintk
 .text.z_thread_entry
                0x0000000000002820       0x34 zephyr/libzephyr.a(thread_entry.c.obj)
                0x0000000000002820                z_thread_entry
 .text.process_event
                0x0000000000002854      0x21c zephyr/libzephyr.a(onoff.c.obj)
 .text.mem_attr_get_regions
                0x0000000000002a70        0xc zephyr/libzephyr.a(mem_attr.c.obj)
                0x0000000000002a70                mem_attr_get_regions
 .text.pm_device_action_run
                0x0000000000002a7c       0x8c zephyr/libzephyr.a(device.c.obj)
                0x0000000000002a7c                pm_device_action_run
 .text.boot_banner
                0x0000000000002b08       0x1c zephyr/libzephyr.a(banner.c.obj)
                0x0000000000002b08                boot_banner
 .text.z_SysNmiOnReset
                0x0000000000002b24        0x8 zephyr/arch/arch/arm/core/libarch__arm__core.a(nmi_on_reset.S.obj)
                0x0000000000002b24                z_SysNmiOnReset
 .text.arch_tls_stack_setup
                0x0000000000002b2c       0x40 zephyr/arch/arch/arm/core/libarch__arm__core.a(tls.c.obj)
                0x0000000000002b2c                arch_tls_stack_setup
 .text._HandlerModeExit
                0x0000000000002b6c       0x28 zephyr/arch/arch/arm/core/cortex_m/libarch__arm__core__cortex_m.a(exc_exit.c.obj)
                0x0000000000002b6c                z_arm_exc_exit
                0x0000000000002b6c                z_arm_int_exit
 .text.usage_fault.constprop.0
                0x0000000000002b94       0x5c zephyr/arch/arch/arm/core/cortex_m/libarch__arm__core__cortex_m.a(fault.c.obj)
 .text.bus_fault.constprop.0
                0x0000000000002bf0       0x6c zephyr/arch/arch/arm/core/cortex_m/libarch__arm__core__cortex_m.a(fault.c.obj)
 .text.mem_manage_fault.constprop.0
                0x0000000000002c5c       0x78 zephyr/arch/arch/arm/core/cortex_m/libarch__arm__core__cortex_m.a(fault.c.obj)
 .text.z_arm_fault
                0x0000000000002cd4      0x124 zephyr/arch/arch/arm/core/cortex_m/libarch__arm__core__cortex_m.a(fault.c.obj)
                0x0000000000002cd4                z_arm_fault
 .text.z_arm_fault_init
                0x0000000000002df8       0x20 zephyr/arch/arch/arm/core/cortex_m/libarch__arm__core__cortex_m.a(fault.c.obj)
                0x0000000000002df8                z_arm_fault_init
 .text.__fault  0x0000000000002e18       0x14 zephyr/arch/arch/arm/core/cortex_m/libarch__arm__core__cortex_m.a(fault_s.S.obj)
                0x0000000000002e18                z_arm_bus_fault
                0x0000000000002e18                z_arm_usage_fault
                0x0000000000002e18                z_arm_mpu_fault
                0x0000000000002e18                z_arm_exc_spurious
                0x0000000000002e18                z_arm_debug_monitor
                0x0000000000002e18                z_arm_hard_fault
 .text._reset_section
                0x0000000000002e2c       0x60 zephyr/arch/arch/arm/core/cortex_m/libarch__arm__core__cortex_m.a(reset.S.obj)
                0x0000000000002e2c                z_arm_reset
                0x0000000000002e2c                __start
 .text.z_arm_clear_arm_mpu_config
                0x0000000000002e8c       0x24 zephyr/arch/arch/arm/core/cortex_m/libarch__arm__core__cortex_m.a(scb.c.obj)
                0x0000000000002e8c                z_arm_clear_arm_mpu_config
 .text.z_arm_init_arch_hw_at_boot
                0x0000000000002eb0       0x4c zephyr/arch/arch/arm/core/cortex_m/libarch__arm__core__cortex_m.a(scb.c.obj)
                0x0000000000002eb0                z_arm_init_arch_hw_at_boot
 .text.z_impl_k_thread_abort
                0x0000000000002efc       0x2c zephyr/arch/arch/arm/core/cortex_m/libarch__arm__core__cortex_m.a(thread_abort.c.obj)
                0x0000000000002efc                z_impl_k_thread_abort
 .text.arch_swap
                0x0000000000002f28       0x30 zephyr/arch/arch/arm/core/cortex_m/libarch__arm__core__cortex_m.a(swap.c.obj)
                0x0000000000002f28                arch_swap
 .text.z_arm_pendsv_c
                0x0000000000002f58       0x40 zephyr/arch/arch/arm/core/cortex_m/libarch__arm__core__cortex_m.a(swap.c.obj)
                0x0000000000002f58                z_arm_pendsv_c
 .text.z_arm_pendsv
                0x0000000000002f98       0x40 zephyr/arch/arch/arm/core/cortex_m/libarch__arm__core__cortex_m.a(swap_helper.S.obj)
                0x0000000000002f98                z_arm_pendsv
 .text.z_arm_svc
                0x0000000000002fd8       0x20 zephyr/arch/arch/arm/core/cortex_m/libarch__arm__core__cortex_m.a(swap_helper.S.obj)
                0x0000000000002fd8                z_arm_svc
 .text.arch_irq_enable
                0x0000000000002ff8       0x1c zephyr/arch/arch/arm/core/cortex_m/libarch__arm__core__cortex_m.a(irq_manage.c.obj)
                0x0000000000002ff8                arch_irq_enable
 .text.arch_irq_is_enabled
                0x0000000000003014       0x1c zephyr/arch/arch/arm/core/cortex_m/libarch__arm__core__cortex_m.a(irq_manage.c.obj)
                0x0000000000003014                arch_irq_is_enabled
 .text.z_arm_irq_priority_set
                0x0000000000003030       0x2c zephyr/arch/arch/arm/core/cortex_m/libarch__arm__core__cortex_m.a(irq_manage.c.obj)
                0x0000000000003030                z_arm_irq_priority_set
 .text.z_prep_c
                0x000000000000305c       0x38 zephyr/arch/arch/arm/core/cortex_m/libarch__arm__core__cortex_m.a(prep_c.c.obj)
                0x000000000000305c                z_prep_c
 .text.arch_new_thread
                0x0000000000003094       0x38 zephyr/arch/arch/arm/core/cortex_m/libarch__arm__core__cortex_m.a(thread.c.obj)
                0x0000000000003094                arch_new_thread
 .text.arch_switch_to_main_thread
                0x00000000000030cc       0x48 zephyr/arch/arch/arm/core/cortex_m/libarch__arm__core__cortex_m.a(thread.c.obj)
                0x00000000000030cc                arch_switch_to_main_thread
 .text.z_arm_cpu_idle_init
                0x0000000000003114        0xc zephyr/arch/arch/arm/core/cortex_m/libarch__arm__core__cortex_m.a(cpu_idle.c.obj)
                0x0000000000003114                z_arm_cpu_idle_init
 .text.z_arm_interrupt_init
                0x0000000000003120       0x20 zephyr/arch/arch/arm/core/cortex_m/libarch__arm__core__cortex_m.a(irq_init.c.obj)
                0x0000000000003120                z_arm_interrupt_init
 .text._isr_wrapper
                0x0000000000003140       0x24 zephyr/arch/arch/arm/core/cortex_m/libarch__arm__core__cortex_m.a(isr_wrapper.c.obj)
                0x0000000000003140                _isr_wrapper
 .text.z_arm_configure_static_mpu_regions
                0x0000000000003164       0x38 zephyr/arch/arch/arm/core/mpu/libarch__arm__core__mpu.a(arm_core_mpu.c.obj)
                0x0000000000003164                z_arm_configure_static_mpu_regions
 .text.region_init
                0x000000000000319c       0x34 zephyr/arch/arch/arm/core/mpu/libarch__arm__core__mpu.a(arm_mpu.c.obj)
 .text.region_allocate_and_init
                0x00000000000031d0       0x24 zephyr/arch/arch/arm/core/mpu/libarch__arm__core__mpu.a(arm_mpu.c.obj)
 .text.mpu_configure_regions_and_partition.constprop.0
                0x00000000000031f4      0x148 zephyr/arch/arch/arm/core/mpu/libarch__arm__core__mpu.a(arm_mpu.c.obj)
 .text.arm_core_mpu_enable
                0x000000000000333c       0x18 zephyr/arch/arch/arm/core/mpu/libarch__arm__core__mpu.a(arm_mpu.c.obj)
                0x000000000000333c                arm_core_mpu_enable
 .text.arm_core_mpu_disable
                0x0000000000003354       0x14 zephyr/arch/arch/arm/core/mpu/libarch__arm__core__mpu.a(arm_mpu.c.obj)
                0x0000000000003354                arm_core_mpu_disable
 .text.arm_core_mpu_configure_static_mpu_regions
                0x0000000000003368       0x14 zephyr/arch/arch/arm/core/mpu/libarch__arm__core__mpu.a(arm_mpu.c.obj)
                0x0000000000003368                arm_core_mpu_configure_static_mpu_regions
 .text.arm_core_mpu_mark_areas_for_dynamic_regions
                0x000000000000337c       0xb8 zephyr/arch/arch/arm/core/mpu/libarch__arm__core__mpu.a(arm_mpu.c.obj)
                0x000000000000337c                arm_core_mpu_mark_areas_for_dynamic_regions
 .text.z_arm_mpu_init
                0x0000000000003434      0x11c zephyr/arch/arch/arm/core/mpu/libarch__arm__core__mpu.a(arm_mpu.c.obj)
                0x0000000000003434                z_arm_mpu_init
 .text.z_impl_zephyr_fputc
                0x0000000000003550       0x10 zephyr/lib/libc/picolibc/liblib__libc__picolibc.a(libc-hooks.c.obj)
                0x0000000000003550                z_impl_zephyr_fputc
 .text.__stdout_hook_install
                0x0000000000003560       0x18 zephyr/lib/libc/picolibc/liblib__libc__picolibc.a(libc-hooks.c.obj)
                0x0000000000003560                __stdout_hook_install
 .text.malloc_prepare
                0x0000000000003578       0x24 zephyr/lib/libc/common/liblib__libc__common.a(malloc.c.obj)
 .text.nordicsemi_nrf54l_init
                0x000000000000359c       0xa0 zephyr/soc/soc/nrf54l15/libsoc__nordic.a(soc.c.obj)
                0x000000000000359c                nordicsemi_nrf54l_init
 .text.arch_busy_wait
                0x000000000000363c       0x24 zephyr/soc/soc/nrf54l15/libsoc__nordic.a(soc.c.obj)
                0x000000000000363c                arch_busy_wait
 .text.cache_instr_enable
                0x0000000000003660       0x10 zephyr/drivers/cache/libdrivers__cache.a(cache_nrf.c.obj)
                0x0000000000003660                cache_instr_enable
 .text.onoff_stop
                0x0000000000003670       0x30 zephyr/drivers/clock_control/libdrivers__clock_control.a(clock_control_nrf.c.obj)
 .text.onoff_start
                0x00000000000036a0       0x44 zephyr/drivers/clock_control/libdrivers__clock_control.a(clock_control_nrf.c.obj)
 .text.generic_hfclk_stop
                0x00000000000036e4       0x3c zephyr/drivers/clock_control/libdrivers__clock_control.a(clock_control_nrf.c.obj)
 .text.clk_init
                0x0000000000003720       0x5c zephyr/drivers/clock_control/libdrivers__clock_control.a(clock_control_nrf.c.obj)
 .text.api_blocking_start
                0x000000000000377c       0x34 zephyr/drivers/clock_control/libdrivers__clock_control.a(clock_control_nrf.c.obj)
 .text.clkstarted_handle.constprop.0
                0x00000000000037b0       0x4c zephyr/drivers/clock_control/libdrivers__clock_control.a(clock_control_nrf.c.obj)
 .text.generic_hfclk_start
                0x00000000000037fc       0x7c zephyr/drivers/clock_control/libdrivers__clock_control.a(clock_control_nrf.c.obj)
 .text.clock_event_handler
                0x0000000000003878       0x1c zephyr/drivers/clock_control/libdrivers__clock_control.a(clock_control_nrf.c.obj)
 .text.z_nrf_clock_control_get_onoff
                0x0000000000003894       0x10 zephyr/drivers/clock_control/libdrivers__clock_control.a(clock_control_nrf.c.obj)
                0x0000000000003894                z_nrf_clock_control_get_onoff
 .text.z_nrf_clock_control_lf_on
                0x00000000000038a4       0xf4 zephyr/drivers/clock_control/libdrivers__clock_control.a(clock_control_nrf.c.obj)
                0x00000000000038a4                z_nrf_clock_control_lf_on
 .text.uart_console_init
                0x0000000000003998       0x28 zephyr/drivers/console/libdrivers__console.a(uart_console.c.obj)
 .text.console_out
                0x00000000000039c0       0x28 zephyr/drivers/console/libdrivers__console.a(uart_console.c.obj)
 .text.gpio_nrfx_init
                0x00000000000039e8       0x54 zephyr/drivers/gpio/libdrivers__gpio.a(gpio_nrfx.c.obj)
 .text.gpio_nrfx_pin_configure
                0x0000000000003a3c      0x184 zephyr/drivers/gpio/libdrivers__gpio.a(gpio_nrfx.c.obj)
 .text.nrfx_gpio_handler
                0x0000000000003bc0       0x58 zephyr/drivers/gpio/libdrivers__gpio.a(gpio_nrfx.c.obj)
 .text.gpio_nrfx_pin_interrupt_configure
                0x0000000000003c18       0xfc zephyr/drivers/gpio/libdrivers__gpio.a(gpio_nrfx.c.obj)
 .text.event_handler
                0x0000000000003d14       0x38 zephyr/drivers/i2c/libdrivers__i2c.a(i2c_nrfx_twim.c.obj)
 .text.i2c_nrfx_twim_transfer
                0x0000000000003d4c      0x148 zephyr/drivers/i2c/libdrivers__i2c.a(i2c_nrfx_twim.c.obj)
 .text.i2c_nrfx_twim_recover_bus
                0x0000000000003e94       0x54 zephyr/drivers/i2c/libdrivers__i2c.a(i2c_nrfx_twim_common.c.obj)
                0x0000000000003e94                i2c_nrfx_twim_recover_bus
 .text.i2c_nrfx_twim_msg_transfer
                0x0000000000003ee8       0x6c zephyr/drivers/i2c/libdrivers__i2c.a(i2c_nrfx_twim_common.c.obj)
                0x0000000000003ee8                i2c_nrfx_twim_msg_transfer
 .text.i2c_nrfx_twim_common_init
                0x0000000000003f54       0x40 zephyr/drivers/i2c/libdrivers__i2c.a(i2c_nrfx_twim_common.c.obj)
                0x0000000000003f54                i2c_nrfx_twim_common_init
 .text.mfd_npm1300_init
                0x0000000000003f94      0x104 zephyr/drivers/mfd/libdrivers__mfd.a(mfd_npm1300.c.obj)
 .text.work_callback
                0x0000000000004098       0xc4 zephyr/drivers/mfd/libdrivers__mfd.a(mfd_npm1300.c.obj)
 .text.mfd_npm1300_add_callback
                0x000000000000415c       0x74 zephyr/drivers/mfd/libdrivers__mfd.a(mfd_npm1300.c.obj)
                0x000000000000415c                mfd_npm1300_add_callback
 .text.nrf_gpio_pin_port_decode
                0x00000000000041d0       0x20 zephyr/drivers/pinctrl/libdrivers__pinctrl.a(pinctrl_nrf.c.obj)
 .text.pinctrl_configure_pins
                0x00000000000041f0      0x16c zephyr/drivers/pinctrl/libdrivers__pinctrl.a(pinctrl_nrf.c.obj)
                0x00000000000041f0                pinctrl_configure_pins
 .text.linear_range_get_value.constprop.0
                0x000000000000435c       0x20 zephyr/drivers/regulator/libdrivers__regulator.a(regulator_npm1300.c.obj)
 .text.linear_range_get_win_index.constprop.0
                0x000000000000437c       0x5c zephyr/drivers/regulator/libdrivers__regulator.a(regulator_npm1300.c.obj)
 .text.hfclk_on_callback
                0x00000000000043d8        0xc zephyr/drivers/sensor/nordic/temp/libdrivers__sensor__nordic__temp.a(temp_nrf5.c.obj)
 .text.temp_nrf5_channel_get
                0x00000000000043e4       0x2c zephyr/drivers/sensor/nordic/temp/libdrivers__sensor__nordic__temp.a(temp_nrf5.c.obj)
 .text.temp_nrf5_isr
                0x0000000000004410       0x18 zephyr/drivers/sensor/nordic/temp/libdrivers__sensor__nordic__temp.a(temp_nrf5.c.obj)
 .text.temp_nrf5_sample_fetch
                0x0000000000004428       0x78 zephyr/drivers/sensor/nordic/temp/libdrivers__sensor__nordic__temp.a(temp_nrf5.c.obj)
 .text.temp_nrf5_init
                0x00000000000044a0       0x40 zephyr/drivers/sensor/nordic/temp/libdrivers__sensor__nordic__temp.a(temp_nrf5.c.obj)
 .text.npm1300_charger_attr_get
                0x00000000000044e0       0x6c zephyr/drivers/sensor/nordic/npm1300_charger/libdrivers__sensor__nordic__npm1300_charger.a(npm1300_charger.c.obj)
 .text.npm1300_charger_channel_get
                0x000000000000454c      0x168 zephyr/drivers/sensor/nordic/npm1300_charger/libdrivers__sensor__nordic__npm1300_charger.a(npm1300_charger.c.obj)
                0x000000000000454c                npm1300_charger_channel_get
 .text.npm1300_charger_init
                0x00000000000046b4      0x304 zephyr/drivers/sensor/nordic/npm1300_charger/libdrivers__sensor__nordic__npm1300_charger.a(npm1300_charger.c.obj)
                0x00000000000046b4                npm1300_charger_init
 .text.npm1300_charger_attr_set
                0x00000000000049b8       0x80 zephyr/drivers/sensor/nordic/npm1300_charger/libdrivers__sensor__nordic__npm1300_charger.a(npm1300_charger.c.obj)
 .text.uarte_20_init
                0x0000000000004a38       0x78 zephyr/drivers/serial/libdrivers__serial.a(uart_nrfx_uarte.c.obj)
 .text.uarte_nrfx_poll_out
                0x0000000000004ab0       0xc4 zephyr/drivers/serial/libdrivers__serial.a(uart_nrfx_uarte.c.obj)
 .text.sys_clock_timeout_handler
                0x0000000000004b74       0x48 zephyr/drivers/timer/libdrivers__timer.a(nrf_grtc_timer.c.obj)
 .text.sys_clock_driver_init
                0x0000000000004bbc       0x6c zephyr/drivers/timer/libdrivers__timer.a(nrf_grtc_timer.c.obj)
 .text.sys_clock_elapsed
                0x0000000000004c28       0x2c zephyr/drivers/timer/libdrivers__timer.a(nrf_grtc_timer.c.obj)
                0x0000000000004c28                sys_clock_elapsed
 .text.sys_clock_set_timeout
                0x0000000000004c54       0x5c zephyr/drivers/timer/libdrivers__timer.a(nrf_grtc_timer.c.obj)
                0x0000000000004c54                sys_clock_set_timeout
 .text.nrf54l_handle_approtect_signal
                0x0000000000004cb0       0x34 modules/hal_nordic/nrfx/libmodules__hal_nordic__nrfx.a(system_nrf54l.c.obj)
 .text.SystemCoreClockUpdate
                0x0000000000004ce4       0x2c modules/hal_nordic/nrfx/libmodules__hal_nordic__nrfx.a(system_nrf54l.c.obj)
                0x0000000000004ce4                SystemCoreClockUpdate
 .text.SystemInit
                0x0000000000004d10       0xc4 modules/hal_nordic/nrfx/libmodules__hal_nordic__nrfx.a(system_nrf54l.c.obj)
                0x0000000000004d10                SystemInit
 .text.nrfx_flag32_alloc
                0x0000000000004dd4       0x40 modules/hal_nordic/nrfx/libmodules__hal_nordic__nrfx.a(nrfx_flag32_allocator.c.obj)
                0x0000000000004dd4                nrfx_flag32_alloc
 .text.nrfx_flag32_free
                0x0000000000004e14       0x38 modules/hal_nordic/nrfx/libmodules__hal_nordic__nrfx.a(nrfx_flag32_allocator.c.obj)
                0x0000000000004e14                nrfx_flag32_free
 .text.clock_stop
                0x0000000000004e4c       0xb8 modules/hal_nordic/nrfx/libmodules__hal_nordic__nrfx.a(nrfx_clock.c.obj)
 .text.nrfx_clock_init
                0x0000000000004f04       0x20 modules/hal_nordic/nrfx/libmodules__hal_nordic__nrfx.a(nrfx_clock.c.obj)
                0x0000000000004f04                nrfx_clock_init
 .text.nrfx_clock_enable
                0x0000000000004f24       0x2c modules/hal_nordic/nrfx/libmodules__hal_nordic__nrfx.a(nrfx_clock.c.obj)
                0x0000000000004f24                nrfx_clock_enable
 .text.nrfx_clock_start
                0x0000000000004f50       0xb0 modules/hal_nordic/nrfx/libmodules__hal_nordic__nrfx.a(nrfx_clock.c.obj)
                0x0000000000004f50                nrfx_clock_start
 .text.nrfx_power_clock_irq_handler
                0x0000000000005000       0x84 modules/hal_nordic/nrfx/libmodules__hal_nordic__nrfx.a(nrfx_clock.c.obj)
                0x0000000000005000                nrfx_power_clock_irq_handler
 .text.nrf_gpio_pin_port_decode
                0x0000000000005084       0x20 modules/hal_nordic/nrfx/libmodules__hal_nordic__nrfx.a(nrfx_gpiote.c.obj)
 .text.get_pin_idx
                0x00000000000050a4       0x14 modules/hal_nordic/nrfx/libmodules__hal_nordic__nrfx.a(nrfx_gpiote.c.obj)
 .text.release_handler
                0x00000000000050b8       0x70 modules/hal_nordic/nrfx/libmodules__hal_nordic__nrfx.a(nrfx_gpiote.c.obj)
 .text.latch_pending_read_and_check
                0x0000000000005128       0x58 modules/hal_nordic/nrfx/libmodules__hal_nordic__nrfx.a(nrfx_gpiote.c.obj)
 .text.pin_te_get.isra.0
                0x0000000000005180       0x20 modules/hal_nordic/nrfx/libmodules__hal_nordic__nrfx.a(nrfx_gpiote.c.obj)
 .text.pin_is_output.isra.0
                0x00000000000051a0       0x24 modules/hal_nordic/nrfx/libmodules__hal_nordic__nrfx.a(nrfx_gpiote.c.obj)
 .text.pin_in_use_by_te.isra.0
                0x00000000000051c4       0x24 modules/hal_nordic/nrfx/libmodules__hal_nordic__nrfx.a(nrfx_gpiote.c.obj)
 .text.irq_handler
                0x00000000000051e8      0x1a8 modules/hal_nordic/nrfx/libmodules__hal_nordic__nrfx.a(nrfx_gpiote.c.obj)
 .text.pin_uninit
                0x0000000000005390       0xa4 modules/hal_nordic/nrfx/libmodules__hal_nordic__nrfx.a(nrfx_gpiote.c.obj)
 .text.nrfx_gpiote_input_configure
                0x0000000000005434      0x1ec modules/hal_nordic/nrfx/libmodules__hal_nordic__nrfx.a(nrfx_gpiote.c.obj)
                0x0000000000005434                nrfx_gpiote_input_configure
 .text.nrfx_gpiote_output_configure
                0x0000000000005620      0x128 modules/hal_nordic/nrfx/libmodules__hal_nordic__nrfx.a(nrfx_gpiote.c.obj)
                0x0000000000005620                nrfx_gpiote_output_configure
 .text.nrfx_gpiote_global_callback_set
                0x0000000000005748       0x1c modules/hal_nordic/nrfx/libmodules__hal_nordic__nrfx.a(nrfx_gpiote.c.obj)
                0x0000000000005748                nrfx_gpiote_global_callback_set
 .text.nrfx_gpiote_channel_get
                0x0000000000005764       0x3c modules/hal_nordic/nrfx/libmodules__hal_nordic__nrfx.a(nrfx_gpiote.c.obj)
                0x0000000000005764                nrfx_gpiote_channel_get
 .text.nrfx_gpiote_init
                0x00000000000057a0       0x7c modules/hal_nordic/nrfx/libmodules__hal_nordic__nrfx.a(nrfx_gpiote.c.obj)
                0x00000000000057a0                nrfx_gpiote_init
 .text.nrfx_gpiote_init_check
                0x000000000000581c       0x1c modules/hal_nordic/nrfx/libmodules__hal_nordic__nrfx.a(nrfx_gpiote.c.obj)
                0x000000000000581c                nrfx_gpiote_init_check
 .text.nrfx_gpiote_channel_free
                0x0000000000005838       0x18 modules/hal_nordic/nrfx/libmodules__hal_nordic__nrfx.a(nrfx_gpiote.c.obj)
                0x0000000000005838                nrfx_gpiote_channel_free
 .text.nrfx_gpiote_channel_alloc
                0x0000000000005850       0x18 modules/hal_nordic/nrfx/libmodules__hal_nordic__nrfx.a(nrfx_gpiote.c.obj)
                0x0000000000005850                nrfx_gpiote_channel_alloc
 .text.nrfx_gpiote_trigger_enable
                0x0000000000005868       0xb8 modules/hal_nordic/nrfx/libmodules__hal_nordic__nrfx.a(nrfx_gpiote.c.obj)
                0x0000000000005868                nrfx_gpiote_trigger_enable
 .text.nrfx_gpiote_20_irq_handler
                0x0000000000005920       0x10 modules/hal_nordic/nrfx/libmodules__hal_nordic__nrfx.a(nrfx_gpiote.c.obj)
                0x0000000000005920                nrfx_gpiote_20_irq_handler
 .text.nrfx_gpiote_30_irq_handler
                0x0000000000005930       0x10 modules/hal_nordic/nrfx/libmodules__hal_nordic__nrfx.a(nrfx_gpiote.c.obj)
                0x0000000000005930                nrfx_gpiote_30_irq_handler
 .text.cc_channel_prepare
                0x0000000000005940       0x5c modules/hal_nordic/nrfx/libmodules__hal_nordic__nrfx.a(nrfx_grtc.c.obj)
 .text.sleep_configure
                0x000000000000599c       0x24 modules/hal_nordic/nrfx/libmodules__hal_nordic__nrfx.a(nrfx_grtc.c.obj)
 .text.syscounter_check
                0x00000000000059c0       0x38 modules/hal_nordic/nrfx/libmodules__hal_nordic__nrfx.a(nrfx_grtc.c.obj)
 .text.nrfx_grtc_syscounter_get
                0x00000000000059f8       0x64 modules/hal_nordic/nrfx/libmodules__hal_nordic__nrfx.a(nrfx_grtc.c.obj)
                0x00000000000059f8                nrfx_grtc_syscounter_get
 .text.nrfx_grtc_init
                0x0000000000005a5c      0x12c modules/hal_nordic/nrfx/libmodules__hal_nordic__nrfx.a(nrfx_grtc.c.obj)
                0x0000000000005a5c                nrfx_grtc_init
 .text.nrfx_grtc_syscounter_start
                0x0000000000005b88       0xc8 modules/hal_nordic/nrfx/libmodules__hal_nordic__nrfx.a(nrfx_grtc.c.obj)
                0x0000000000005b88                nrfx_grtc_syscounter_start
 .text.nrfx_grtc_syscounter_cc_absolute_set
                0x0000000000005c50       0x84 modules/hal_nordic/nrfx/libmodules__hal_nordic__nrfx.a(nrfx_grtc.c.obj)
                0x0000000000005c50                nrfx_grtc_syscounter_cc_absolute_set
 .text.nrfx_grtc_irq_handler
                0x0000000000005cd4       0xa0 modules/hal_nordic/nrfx/libmodules__hal_nordic__nrfx.a(nrfx_grtc.c.obj)
                0x0000000000005cd4                nrfx_grtc_irq_handler
 .text.twim_configure
                0x0000000000005d74       0x3c modules/hal_nordic/nrfx/libmodules__hal_nordic__nrfx.a(nrfx_twim.c.obj)
 .text.pins_configure
                0x0000000000005db0       0x68 modules/hal_nordic/nrfx/libmodules__hal_nordic__nrfx.a(nrfx_twim.c.obj)
 .text.nrfx_twim_init
                0x0000000000005e18       0x74 modules/hal_nordic/nrfx/libmodules__hal_nordic__nrfx.a(nrfx_twim.c.obj)
                0x0000000000005e18                nrfx_twim_init
 .text.nrfx_twim_enable
                0x0000000000005e8c       0x20 modules/hal_nordic/nrfx/libmodules__hal_nordic__nrfx.a(nrfx_twim.c.obj)
                0x0000000000005e8c                nrfx_twim_enable
 .text.nrfx_twim_disable
                0x0000000000005eac       0x40 modules/hal_nordic/nrfx/libmodules__hal_nordic__nrfx.a(nrfx_twim.c.obj)
                0x0000000000005eac                nrfx_twim_disable
 .text.nrfx_twim_xfer
                0x0000000000005eec      0x340 modules/hal_nordic/nrfx/libmodules__hal_nordic__nrfx.a(nrfx_twim.c.obj)
                0x0000000000005eec                nrfx_twim_xfer
 .text.nrfx_twim_30_irq_handler
                0x000000000000622c      0x180 modules/hal_nordic/nrfx/libmodules__hal_nordic__nrfx.a(nrfx_twim.c.obj)
                0x000000000000622c                nrfx_twim_30_irq_handler
 .text.nrf_gpio_pin_port_decode
                0x00000000000063ac       0x20 modules/hal_nordic/nrfx/libmodules__hal_nordic__nrfx.a(nrfx_twi_twim.c.obj)
 .text.nrfx_twi_twim_bus_recover
                0x00000000000063cc       0xd4 modules/hal_nordic/nrfx/libmodules__hal_nordic__nrfx.a(nrfx_twi_twim.c.obj)
                0x00000000000063cc                nrfx_twi_twim_bus_recover
 .text.z_fatal_error
                0x00000000000064a0       0x30 zephyr/kernel/libkernel.a(fatal.c.obj)
                0x00000000000064a0                z_fatal_error
 .text.z_sys_init_run_level
                0x00000000000064d0       0x2c zephyr/kernel/libkernel.a(init.c.obj)
 .text.bg_thread_main
                0x00000000000064fc       0xc4 zephyr/kernel/libkernel.a(init.c.obj)
 .text.z_bss_zero
                0x00000000000065c0       0x18 zephyr/kernel/libkernel.a(init.c.obj)
                0x00000000000065c0                z_bss_zero
 .text.z_init_cpu
                0x00000000000065d8       0x68 zephyr/kernel/libkernel.a(init.c.obj)
                0x00000000000065d8                z_init_cpu
 .text.z_cstart
                0x0000000000006640       0xd8 zephyr/kernel/libkernel.a(init.c.obj)
                0x0000000000006640                z_cstart
 .text.z_impl_k_mutex_lock
                0x0000000000006718       0xf0 zephyr/kernel/libkernel.a(mutex.c.obj)
                0x0000000000006718                z_impl_k_mutex_lock
 .text.z_impl_k_mutex_unlock
                0x0000000000006808       0x78 zephyr/kernel/libkernel.a(mutex.c.obj)
                0x0000000000006808                z_impl_k_mutex_unlock
 .text.z_impl_k_sem_give
                0x0000000000006880       0x48 zephyr/kernel/libkernel.a(sem.c.obj)
                0x0000000000006880                z_impl_k_sem_give
 .text.z_impl_k_sem_take
                0x00000000000068c8       0x4c zephyr/kernel/libkernel.a(sem.c.obj)
                0x00000000000068c8                z_impl_k_sem_take
 .text.work_queue_main
                0x0000000000006914      0x144 zephyr/kernel/libkernel.a(work.c.obj)
 .text.submit_to_queue_locked
                0x0000000000006a58       0xb4 zephyr/kernel/libkernel.a(work.c.obj)
 .text.k_work_submit
                0x0000000000006b0c        0xc zephyr/kernel/libkernel.a(work.c.obj)
                0x0000000000006b0c                k_work_submit
 .text.k_work_queue_start
                0x0000000000006b18       0x7c zephyr/kernel/libkernel.a(work.c.obj)
                0x0000000000006b18                k_work_queue_start
 .text.z_setup_new_thread
                0x0000000000006b94       0x7c zephyr/kernel/libkernel.a(thread.c.obj)
                0x0000000000006b94                z_setup_new_thread
 .text.z_impl_k_thread_create
                0x0000000000006c10       0x58 zephyr/kernel/libkernel.a(thread.c.obj)
                0x0000000000006c10                z_impl_k_thread_create
 .text.update_cache
                0x0000000000006c68       0x3c zephyr/kernel/libkernel.a(sched.c.obj)
 .text.unready_thread
                0x0000000000006ca4       0x30 zephyr/kernel/libkernel.a(sched.c.obj)
 .text.ready_thread
                0x0000000000006cd4       0x68 zephyr/kernel/libkernel.a(sched.c.obj)
 .text.z_thread_halt
                0x0000000000006d3c       0xdc zephyr/kernel/libkernel.a(sched.c.obj)
 .text.move_thread_to_end_of_prio_q
                0x0000000000006e18       0x74 zephyr/kernel/libkernel.a(sched.c.obj)
                0x0000000000006e18                move_thread_to_end_of_prio_q
 .text.z_pend_curr
                0x0000000000006e8c       0x58 zephyr/kernel/libkernel.a(sched.c.obj)
                0x0000000000006e8c                z_pend_curr
 .text.z_thread_prio_set
                0x0000000000006ee4       0x88 zephyr/kernel/libkernel.a(sched.c.obj)
                0x0000000000006ee4                z_thread_prio_set
 .text.z_reschedule
                0x0000000000006f6c       0x24 zephyr/kernel/libkernel.a(sched.c.obj)
                0x0000000000006f6c                z_reschedule
 .text.z_sched_start
                0x0000000000006f90       0x3c zephyr/kernel/libkernel.a(sched.c.obj)
                0x0000000000006f90                z_sched_start
 .text.z_reschedule_irqlock
                0x0000000000006fcc       0x28 zephyr/kernel/libkernel.a(sched.c.obj)
                0x0000000000006fcc                z_reschedule_irqlock
 .text.k_sched_lock
                0x0000000000006ff4       0x28 zephyr/kernel/libkernel.a(sched.c.obj)
                0x0000000000006ff4                k_sched_lock
 .text.k_sched_unlock
                0x000000000000701c       0x40 zephyr/kernel/libkernel.a(sched.c.obj)
                0x000000000000701c                k_sched_unlock
 .text.z_sched_init
                0x000000000000705c       0x10 zephyr/kernel/libkernel.a(sched.c.obj)
                0x000000000000705c                z_sched_init
 .text.z_impl_k_yield
                0x000000000000706c       0x7c zephyr/kernel/libkernel.a(sched.c.obj)
                0x000000000000706c                z_impl_k_yield
 .text.z_tick_sleep
                0x00000000000070e8       0x88 zephyr/kernel/libkernel.a(sched.c.obj)
 .text.z_impl_k_sleep
                0x0000000000007170       0x40 zephyr/kernel/libkernel.a(sched.c.obj)
                0x0000000000007170                z_impl_k_sleep
 .text.z_impl_k_sched_current_thread_query
                0x00000000000071b0        0xc zephyr/kernel/libkernel.a(sched.c.obj)
                0x00000000000071b0                z_impl_k_sched_current_thread_query
 .text.z_sched_wait
                0x00000000000071bc       0x24 zephyr/kernel/libkernel.a(sched.c.obj)
                0x00000000000071bc                z_sched_wait
 .text.slice_timeout
                0x00000000000071e0       0x20 zephyr/kernel/libkernel.a(timeslicing.c.obj)
 .text.thread_is_sliceable
                0x0000000000007200       0x3c zephyr/kernel/libkernel.a(timeslicing.c.obj)
                0x0000000000007200                thread_is_sliceable
 .text.z_reset_time_slice
                0x000000000000723c       0x50 zephyr/kernel/libkernel.a(timeslicing.c.obj)
                0x000000000000723c                z_reset_time_slice
 .text.z_time_slice
                0x000000000000728c       0x60 zephyr/kernel/libkernel.a(timeslicing.c.obj)
                0x000000000000728c                z_time_slice
 .text.z_data_copy
                0x00000000000072ec       0x34 zephyr/kernel/libkernel.a(xip.c.obj)
                0x00000000000072ec                z_data_copy
 .text.elapsed  0x0000000000007320       0x14 zephyr/kernel/libkernel.a(timeout.c.obj)
 .text.remove_timeout
                0x0000000000007334       0x38 zephyr/kernel/libkernel.a(timeout.c.obj)
 .text.next_timeout
                0x000000000000736c       0x40 zephyr/kernel/libkernel.a(timeout.c.obj)
 .text.z_add_timeout
                0x00000000000073ac       0xf4 zephyr/kernel/libkernel.a(timeout.c.obj)
                0x00000000000073ac                z_add_timeout
 .text.sys_clock_announce
                0x00000000000074a0       0xd0 zephyr/kernel/libkernel.a(timeout.c.obj)
                0x00000000000074a0                sys_clock_announce
 .text.sys_clock_tick_get
                0x0000000000007570       0x30 zephyr/kernel/libkernel.a(timeout.c.obj)
                0x0000000000007570                sys_clock_tick_get
 .text.k_sys_work_q_init
                0x00000000000075a0       0x34 zephyr/kernel/libkernel.a(system_work_q.c.obj)
 .text.printf   0x00000000000075d4       0x24 /home/zengzhi/ncs/toolchains/b77d8c1312/opt/zephyr-sdk/arm-zephyr-eabi/bin/../lib/gcc/../../picolibc/arm-zephyr-eabi/lib/thumb/v8-m.main/nofp/libc.a(libc_tinystdio_printf.c.o)
                0x00000000000075d4                printf
 .text.__l_vfprintf
                0x00000000000075f8      0x4b4 /home/zengzhi/ncs/toolchains/b77d8c1312/opt/zephyr-sdk/arm-zephyr-eabi/bin/../lib/gcc/../../picolibc/arm-zephyr-eabi/lib/thumb/v8-m.main/nofp/libc.a(libc_tinystdio_vflprintf.c.o)
                0x00000000000075f8                __l_vfprintf
 .text.floorf   0x0000000000007aac       0x60 /home/zengzhi/ncs/toolchains/b77d8c1312/opt/zephyr-sdk/arm-zephyr-eabi/bin/../lib/gcc/../../picolibc/arm-zephyr-eabi/lib/thumb/v8-m.main/nofp/libc.a(libm_machine_arm_sf_floor.c.o)
                0x0000000000007aac                floorf
 .text.fmodf    0x0000000000007b0c      0x128 /home/zengzhi/ncs/toolchains/b77d8c1312/opt/zephyr-sdk/arm-zephyr-eabi/bin/../lib/gcc/../../picolibc/arm-zephyr-eabi/lib/thumb/v8-m.main/nofp/libc.a(libm_math_sf_fmod.c.o)
                0x0000000000007b0c                fmodf
 .text.__math_oflow
                0x0000000000007c34       0x18 /home/zengzhi/ncs/toolchains/b77d8c1312/opt/zephyr-sdk/arm-zephyr-eabi/bin/../lib/gcc/../../picolibc/arm-zephyr-eabi/lib/thumb/v8-m.main/nofp/libc.a(libm_common_math_err_oflow.c.o)
                0x0000000000007c34                __math_oflow
 .text.__math_divzero
                0x0000000000007c4c       0x18 /home/zengzhi/ncs/toolchains/b77d8c1312/opt/zephyr-sdk/arm-zephyr-eabi/bin/../lib/gcc/../../picolibc/arm-zephyr-eabi/lib/thumb/v8-m.main/nofp/libc.a(libm_common_math_err_divzero.c.o)
                0x0000000000007c4c                __math_divzero
 .text.__math_invalid
                0x0000000000007c64       0x10 /home/zengzhi/ncs/toolchains/b77d8c1312/opt/zephyr-sdk/arm-zephyr-eabi/bin/../lib/gcc/../../picolibc/arm-zephyr-eabi/lib/thumb/v8-m.main/nofp/libc.a(libm_common_math_err_invalid.c.o)
                0x0000000000007c64                __math_invalid
 .text.__fpclassifyf
                0x0000000000007c74       0x34 /home/zengzhi/ncs/toolchains/b77d8c1312/opt/zephyr-sdk/arm-zephyr-eabi/bin/../lib/gcc/../../picolibc/arm-zephyr-eabi/lib/thumb/v8-m.main/nofp/libc.a(libm_common_sf_fpclassify.c.o)
                0x0000000000007c74                __fpclassifyf
 .text.__math_invalidf
                0x0000000000007ca8       0x10 /home/zengzhi/ncs/toolchains/b77d8c1312/opt/zephyr-sdk/arm-zephyr-eabi/bin/../lib/gcc/../../picolibc/arm-zephyr-eabi/lib/thumb/v8-m.main/nofp/libc.a(libm_common_math_errf_invalidf.c.o)
                0x0000000000007ca8                __math_invalidf
 .text.__fpclassifyd
                0x0000000000007cb8       0x48 /home/zengzhi/ncs/toolchains/b77d8c1312/opt/zephyr-sdk/arm-zephyr-eabi/bin/../lib/gcc/../../picolibc/arm-zephyr-eabi/lib/thumb/v8-m.main/nofp/libc.a(libm_common_s_fpclassify.c.o)
                0x0000000000007cb8                __fpclassifyl
                0x0000000000007cb8                __fpclassifyd
 .text._OffsetAbsSyms
                0x0000000000007d00        0x2 zephyr/CMakeFiles/offsets.dir/./arch/arm/core/offsets/offsets.c.obj
                0x0000000000007d00                _OffsetAbsSyms
 .text.sensor_channel_get.isra.0
                0x0000000000007d02        0x6 app/libapp.a(npm_fuel_gauge.c.obj)
 .text.gpio_pin_configure.isra.0
                0x0000000000007d08       0x18 app/libapp.a(npm_fuel_gauge.c.obj)
 .text.chunk_field
                0x0000000000007d20       0x16 zephyr/libzephyr.a(heap.c.obj)
 .text.chunk_set
                0x0000000000007d36       0x16 zephyr/libzephyr.a(heap.c.obj)
 .text.chunk_size
                0x0000000000007d4c        0xc zephyr/libzephyr.a(heap.c.obj)
 .text.set_chunk_used
                0x0000000000007d58       0x30 zephyr/libzephyr.a(heap.c.obj)
 .text.set_chunk_size
                0x0000000000007d88        0x8 zephyr/libzephyr.a(heap.c.obj)
 .text.bucket_idx.isra.0
                0x0000000000007d90       0x1c zephyr/libzephyr.a(heap.c.obj)
 .text.free_list_add
                0x0000000000007dac       0x84 zephyr/libzephyr.a(heap.c.obj)
 .text.sys_heap_init
                0x0000000000007e30       0xb0 zephyr/libzephyr.a(heap.c.obj)
                0x0000000000007e30                sys_heap_init
 .text.arch_printk_char_out
                0x0000000000007ee0        0x4 zephyr/libzephyr.a(printk.c.obj)
                0x0000000000007ee0                arch_printk_char_out
 .text.printk   0x0000000000007ee4       0x1a zephyr/libzephyr.a(printk.c.obj)
                0x0000000000007ee4                printk
 .text.process_recheck
                0x0000000000007efe       0x38 zephyr/libzephyr.a(onoff.c.obj)
 .text.validate_args
                0x0000000000007f36       0x20 zephyr/libzephyr.a(onoff.c.obj)
 .text.notify_one
                0x0000000000007f56       0x2c zephyr/libzephyr.a(onoff.c.obj)
 .text.transition_complete
                0x0000000000007f82       0x1a zephyr/libzephyr.a(onoff.c.obj)
 .text.onoff_manager_init
                0x0000000000007f9c       0x26 zephyr/libzephyr.a(onoff.c.obj)
                0x0000000000007f9c                onoff_manager_init
 .text.onoff_request
                0x0000000000007fc2       0xae zephyr/libzephyr.a(onoff.c.obj)
                0x0000000000007fc2                onoff_request
 .text.onoff_release
                0x0000000000008070       0x48 zephyr/libzephyr.a(onoff.c.obj)
                0x0000000000008070                onoff_release
 .text.sys_notify_validate
                0x00000000000080b8       0x22 zephyr/libzephyr.a(notify.c.obj)
                0x00000000000080b8                sys_notify_validate
 .text.sys_notify_finalize
                0x00000000000080da       0x1a zephyr/libzephyr.a(notify.c.obj)
                0x00000000000080da                sys_notify_finalize
 .text._ConfigAbsSyms
                0x00000000000080f4        0x2 zephyr/libzephyr.a(configs.c.obj)
                0x00000000000080f4                _ConfigAbsSyms
 .text.pm_device_state_get
                0x00000000000080f6       0x12 zephyr/libzephyr.a(device.c.obj)
                0x00000000000080f6                pm_device_state_get
 .text.pm_device_is_powered
                0x0000000000008108       0x18 zephyr/libzephyr.a(device.c.obj)
                0x0000000000008108                pm_device_is_powered
 .text.pm_device_driver_init
                0x0000000000008120       0x30 zephyr/libzephyr.a(device.c.obj)
                0x0000000000008120                pm_device_driver_init
 .text.z_arm_fatal_error
                0x0000000000008150        0xc zephyr/arch/arch/arm/core/libarch__arm__core.a(fatal.c.obj)
                0x0000000000008150                z_arm_fatal_error
 .text.z_do_kernel_oops
                0x000000000000815c        0x8 zephyr/arch/arch/arm/core/libarch__arm__core.a(fatal.c.obj)
                0x000000000000815c                z_do_kernel_oops
 .text.z_arm_nmi
                0x0000000000008164        0xe zephyr/arch/arch/arm/core/libarch__arm__core.a(nmi.c.obj)
                0x0000000000008164                z_arm_nmi
 .text.z_irq_spurious
                0x0000000000008172        0x8 zephyr/arch/arch/arm/core/cortex_m/libarch__arm__core__cortex_m.a(irq_manage.c.obj)
                0x0000000000008172                z_irq_spurious
 .text.configure_builtin_stack_guard
                0x000000000000817a        0x8 zephyr/arch/arch/arm/core/cortex_m/libarch__arm__core__cortex_m.a(thread.c.obj)
                0x000000000000817a                configure_builtin_stack_guard
 .text.arch_irq_unlock_outlined
                0x0000000000008182        0xe zephyr/arch/arch/arm/core/cortex_m/libarch__arm__core__cortex_m.a(thread.c.obj)
                0x0000000000008182                arch_irq_unlock_outlined
 .text.arch_cpu_idle
                0x0000000000008190       0x1a zephyr/arch/arch/arm/core/cortex_m/libarch__arm__core__cortex_m.a(cpu_idle.c.obj)
                0x0000000000008190                arch_cpu_idle
 .text.arch_cpu_atomic_idle
                0x00000000000081aa       0x1e zephyr/arch/arch/arm/core/cortex_m/libarch__arm__core__cortex_m.a(cpu_idle.c.obj)
                0x00000000000081aa                arch_cpu_atomic_idle
 .text.arm_cmse_mpu_region_get
                0x00000000000081c8       0x12 zephyr/arch/arch/arm/core/cortex_m/cmse/libarch__arm__core__cortex_m__cmse.a(arm_core_cmse.c.obj)
                0x00000000000081c8                arm_cmse_mpu_region_get
 .text.mpu_configure_region
                0x00000000000081da       0x32 zephyr/arch/arch/arm/core/mpu/libarch__arm__core__mpu.a(arm_mpu.c.obj)
 .text.picolibc_put
                0x000000000000820c        0xa zephyr/lib/libc/picolibc/liblib__libc__picolibc.a(libc-hooks.c.obj)
 .text.get_status
                0x0000000000008216       0x12 zephyr/drivers/clock_control/libdrivers__clock_control.a(clock_control_nrf.c.obj)
 .text.stop     0x0000000000008228       0x52 zephyr/drivers/clock_control/libdrivers__clock_control.a(clock_control_nrf.c.obj)
 .text.api_stop
                0x000000000000827a        0x6 zephyr/drivers/clock_control/libdrivers__clock_control.a(clock_control_nrf.c.obj)
 .text.async_start
                0x0000000000008280       0x5c zephyr/drivers/clock_control/libdrivers__clock_control.a(clock_control_nrf.c.obj)
 .text.api_start
                0x00000000000082dc        0xe zephyr/drivers/clock_control/libdrivers__clock_control.a(clock_control_nrf.c.obj)
 .text.onoff_started_callback
                0x00000000000082ea       0x12 zephyr/drivers/clock_control/libdrivers__clock_control.a(clock_control_nrf.c.obj)
 .text.lfclk_start
                0x00000000000082fc        0x6 zephyr/drivers/clock_control/libdrivers__clock_control.a(clock_control_nrf.c.obj)
 .text.lfclk_stop
                0x0000000000008302        0x6 zephyr/drivers/clock_control/libdrivers__clock_control.a(clock_control_nrf.c.obj)
 .text.blocking_start_callback
                0x0000000000008308        0x6 zephyr/drivers/clock_control/libdrivers__clock_control.a(clock_control_nrf.c.obj)
 .text.gpio_npm1300_port_set_masked_raw
                0x000000000000830e       0x38 zephyr/drivers/gpio/libdrivers__gpio.a(gpio_npm1300.c.obj)
 .text.gpio_npm1300_port_clear_bits_raw
                0x0000000000008346        0x6 zephyr/drivers/gpio/libdrivers__gpio.a(gpio_npm1300.c.obj)
 .text.gpio_npm1300_port_set_bits_raw
                0x000000000000834c        0x6 zephyr/drivers/gpio/libdrivers__gpio.a(gpio_npm1300.c.obj)
 .text.gpio_npm1300_port_get_raw
                0x0000000000008352       0x24 zephyr/drivers/gpio/libdrivers__gpio.a(gpio_npm1300.c.obj)
 .text.gpio_npm1300_port_toggle_bits
                0x0000000000008376       0x26 zephyr/drivers/gpio/libdrivers__gpio.a(gpio_npm1300.c.obj)
 .text.gpio_npm1300_configure
                0x000000000000839c       0xca zephyr/drivers/gpio/libdrivers__gpio.a(gpio_npm1300.c.obj)
 .text.gpio_npm1300_init
                0x0000000000008466       0x16 zephyr/drivers/gpio/libdrivers__gpio.a(gpio_npm1300.c.obj)
 .text.gpio_nrfx_port_get_raw
                0x000000000000847c        0xc zephyr/drivers/gpio/libdrivers__gpio.a(gpio_nrfx.c.obj)
 .text.gpio_nrfx_port_set_masked_raw
                0x0000000000008488       0x14 zephyr/drivers/gpio/libdrivers__gpio.a(gpio_nrfx.c.obj)
 .text.gpio_nrfx_port_set_bits_raw
                0x000000000000849c        0xa zephyr/drivers/gpio/libdrivers__gpio.a(gpio_nrfx.c.obj)
 .text.gpio_nrfx_port_clear_bits_raw
                0x00000000000084a6        0xa zephyr/drivers/gpio/libdrivers__gpio.a(gpio_nrfx.c.obj)
 .text.gpio_nrfx_port_toggle_bits
                0x00000000000084b0       0x14 zephyr/drivers/gpio/libdrivers__gpio.a(gpio_nrfx.c.obj)
 .text.gpio_nrfx_manage_callback
                0x00000000000084c4       0x52 zephyr/drivers/gpio/libdrivers__gpio.a(gpio_nrfx.c.obj)
 .text.irq_connect30
                0x0000000000008516        0xc zephyr/drivers/i2c/libdrivers__i2c.a(i2c_nrfx_twim.c.obj)
 .text.i2c_nrfx_twim_init
                0x0000000000008522       0x26 zephyr/drivers/i2c/libdrivers__i2c.a(i2c_nrfx_twim.c.obj)
 .text.pinctrl_apply_state.isra.0
                0x0000000000008548       0x1e zephyr/drivers/i2c/libdrivers__i2c.a(i2c_nrfx_twim_common.c.obj)
 .text.twim_nrfx_pm_action
                0x0000000000008566       0x32 zephyr/drivers/i2c/libdrivers__i2c.a(i2c_nrfx_twim_common.c.obj)
                0x0000000000008566                twim_nrfx_pm_action
 .text.i2c_nrfx_twim_configure
                0x0000000000008598       0x2e zephyr/drivers/i2c/libdrivers__i2c.a(i2c_nrfx_twim_common.c.obj)
                0x0000000000008598                i2c_nrfx_twim_configure
 .text.sys_slist_find_and_remove
                0x00000000000085c6       0x36 zephyr/drivers/mfd/libdrivers__mfd.a(mfd_npm1300.c.obj)
 .text.gpio_callback
                0x00000000000085fc        0x8 zephyr/drivers/mfd/libdrivers__mfd.a(mfd_npm1300.c.obj)
 .text.i2c_write_dt
                0x0000000000008604       0x2c zephyr/drivers/mfd/libdrivers__mfd.a(mfd_npm1300.c.obj)
 .text.mfd_npm1300_reg_read_burst
                0x0000000000008630       0x44 zephyr/drivers/mfd/libdrivers__mfd.a(mfd_npm1300.c.obj)
                0x0000000000008630                mfd_npm1300_reg_read_burst
 .text.mfd_npm1300_reg_read
                0x0000000000008674        0xe zephyr/drivers/mfd/libdrivers__mfd.a(mfd_npm1300.c.obj)
                0x0000000000008674                mfd_npm1300_reg_read
 .text.mfd_npm1300_reg_write
                0x0000000000008682       0x1e zephyr/drivers/mfd/libdrivers__mfd.a(mfd_npm1300.c.obj)
                0x0000000000008682                mfd_npm1300_reg_write
 .text.mfd_npm1300_reg_write2
                0x00000000000086a0       0x28 zephyr/drivers/mfd/libdrivers__mfd.a(mfd_npm1300.c.obj)
                0x00000000000086a0                mfd_npm1300_reg_write2
 .text.mfd_npm1300_reg_update
                0x00000000000086c8       0x62 zephyr/drivers/mfd/libdrivers__mfd.a(mfd_npm1300.c.obj)
                0x00000000000086c8                mfd_npm1300_reg_update
 .text.pinctrl_lookup_state
                0x000000000000872a       0x26 zephyr/drivers/pinctrl/libdrivers__pinctrl.a(common.c.obj)
                0x000000000000872a                pinctrl_lookup_state
 .text.regulator_delay
                0x0000000000008750       0x18 zephyr/drivers/regulator/libdrivers__regulator.a(regulator_common.c.obj)
 .text.regulator_enable
                0x0000000000008768       0x60 zephyr/drivers/regulator/libdrivers__regulator.a(regulator_common.c.obj)
                0x0000000000008768                regulator_enable
 .text.regulator_is_enabled
                0x00000000000087c8       0x32 zephyr/drivers/regulator/libdrivers__regulator.a(regulator_common.c.obj)
                0x00000000000087c8                regulator_is_enabled
 .text.regulator_disable
                0x00000000000087fa       0x54 zephyr/drivers/regulator/libdrivers__regulator.a(regulator_common.c.obj)
                0x00000000000087fa                regulator_disable
 .text.regulator_set_voltage
                0x000000000000884e       0x28 zephyr/drivers/regulator/libdrivers__regulator.a(regulator_common.c.obj)
                0x000000000000884e                regulator_set_voltage
 .text.regulator_set_current_limit
                0x0000000000008876       0x28 zephyr/drivers/regulator/libdrivers__regulator.a(regulator_common.c.obj)
                0x0000000000008876                regulator_set_current_limit
 .text.regulator_set_mode
                0x000000000000889e       0x3e zephyr/drivers/regulator/libdrivers__regulator.a(regulator_common.c.obj)
                0x000000000000889e                regulator_set_mode
 .text.regulator_common_init
                0x00000000000088dc       0xf4 zephyr/drivers/regulator/libdrivers__regulator.a(regulator_common.c.obj)
                0x00000000000088dc                regulator_common_init
 .text.regulator_npm1300_count_voltages
                0x00000000000089d0       0x10 zephyr/drivers/regulator/libdrivers__regulator.a(regulator_npm1300.c.obj)
                0x00000000000089d0                regulator_npm1300_count_voltages
 .text.regulator_npm1300_dvs_state_set
                0x00000000000089e0       0x4a zephyr/drivers/regulator/libdrivers__regulator.a(regulator_npm1300.c.obj)
                0x00000000000089e0                regulator_npm1300_dvs_state_set
 .text.regulator_npm1300_enable
                0x0000000000008a2a       0x36 zephyr/drivers/regulator/libdrivers__regulator.a(regulator_npm1300.c.obj)
                0x0000000000008a2a                regulator_npm1300_enable
 .text.regulator_npm1300_disable
                0x0000000000008a60       0x36 zephyr/drivers/regulator/libdrivers__regulator.a(regulator_npm1300.c.obj)
                0x0000000000008a60                regulator_npm1300_disable
 .text.regulator_npm1300_ship_mode
                0x0000000000008a96        0xe zephyr/drivers/regulator/libdrivers__regulator.a(regulator_npm1300.c.obj)
                0x0000000000008a96                regulator_npm1300_ship_mode
 .text.regulator_npm1300_list_voltage
                0x0000000000008aa4       0x1a zephyr/drivers/regulator/libdrivers__regulator.a(regulator_npm1300.c.obj)
                0x0000000000008aa4                regulator_npm1300_list_voltage
 .text.get_enabled_reg.isra.0
                0x0000000000008abe       0x24 zephyr/drivers/regulator/libdrivers__regulator.a(regulator_npm1300.c.obj)
 .text.regulator_npm1300_set_buck_pin_ctrl.isra.0
                0x0000000000008ae2       0x50 zephyr/drivers/regulator/libdrivers__regulator.a(regulator_npm1300.c.obj)
 .text.set_ldsw_mode.isra.0
                0x0000000000008b32       0x26 zephyr/drivers/regulator/libdrivers__regulator.a(regulator_npm1300.c.obj)
 .text.set_buck_mode.isra.0
                0x0000000000008b58       0x54 zephyr/drivers/regulator/libdrivers__regulator.a(regulator_npm1300.c.obj)
 .text.regulator_npm1300_set_mode
                0x0000000000008bac       0x2e zephyr/drivers/regulator/libdrivers__regulator.a(regulator_npm1300.c.obj)
                0x0000000000008bac                regulator_npm1300_set_mode
 .text.ldo_get_voltage.isra.0
                0x0000000000008bda       0x2e zephyr/drivers/regulator/libdrivers__regulator.a(regulator_npm1300.c.obj)
 .text.ldo_set_voltage.isra.0
                0x0000000000008c08       0x34 zephyr/drivers/regulator/libdrivers__regulator.a(regulator_npm1300.c.obj)
 .text.buck_get_voltage_index.isra.0
                0x0000000000008c3c       0x44 zephyr/drivers/regulator/libdrivers__regulator.a(regulator_npm1300.c.obj)
 .text.buck_set_voltage
                0x0000000000008c80       0x64 zephyr/drivers/regulator/libdrivers__regulator.a(regulator_npm1300.c.obj)
 .text.regulator_npm1300_set_voltage
                0x0000000000008ce4       0x40 zephyr/drivers/regulator/libdrivers__regulator.a(regulator_npm1300.c.obj)
                0x0000000000008ce4                regulator_npm1300_set_voltage
 .text.regulator_npm1300_common_init
                0x0000000000008d24       0x56 zephyr/drivers/regulator/libdrivers__regulator.a(regulator_npm1300.c.obj)
                0x0000000000008d24                regulator_npm1300_common_init
 .text.regulator_npm1300_get_voltage
                0x0000000000008d7a       0x58 zephyr/drivers/regulator/libdrivers__regulator.a(regulator_npm1300.c.obj)
                0x0000000000008d7a                regulator_npm1300_get_voltage
 .text.regulator_npm1300_set_pin_ctrl
                0x0000000000008dd2       0x6e zephyr/drivers/regulator/libdrivers__regulator.a(regulator_npm1300.c.obj)
                0x0000000000008dd2                regulator_npm1300_set_pin_ctrl
 .text.regulator_npm1300_init
                0x0000000000008e40      0x11c zephyr/drivers/regulator/libdrivers__regulator.a(regulator_npm1300.c.obj)
                0x0000000000008e40                regulator_npm1300_init
 .text.linear_range_get_win_index
                0x0000000000008f5c       0x62 zephyr/drivers/sensor/nordic/npm1300_charger/libdrivers__sensor__nordic__npm1300_charger.a(npm1300_charger.c.obj)
 .text.npm1300_charger_sample_fetch
                0x0000000000008fbe       0xc0 zephyr/drivers/sensor/nordic/npm1300_charger/libdrivers__sensor__nordic__npm1300_charger.a(npm1300_charger.c.obj)
                0x0000000000008fbe                npm1300_charger_sample_fetch
 .text.linear_range_group_get_win_index.constprop.0
                0x000000000000907e       0x36 zephyr/drivers/sensor/nordic/npm1300_charger/libdrivers__sensor__nordic__npm1300_charger.a(npm1300_charger.c.obj)
 .text.uarte_nrfx_isr_int
                0x00000000000090b4        0xa zephyr/drivers/serial/libdrivers__serial.a(uart_nrfx_uarte.c.obj)
 .text.uarte_nrfx_err_check
                0x00000000000090be        0xe zephyr/drivers/serial/libdrivers__serial.a(uart_nrfx_uarte.c.obj)
 .text.uarte_nrfx_poll_in
                0x00000000000090cc       0x26 zephyr/drivers/serial/libdrivers__serial.a(uart_nrfx_uarte.c.obj)
 .text.pinctrl_apply_state.isra.0
                0x00000000000090f2       0x1e zephyr/drivers/serial/libdrivers__serial.a(uart_nrfx_uarte.c.obj)
 .text.uarte_nrfx_pm_action
                0x0000000000009110       0xa2 zephyr/drivers/serial/libdrivers__serial.a(uart_nrfx_uarte.c.obj)
 .text.nrfx_isr
                0x00000000000091b2        0x2 modules/hal_nordic/nrfx/libmodules__hal_nordic__nrfx.a(nrfx_glue.c.obj)
                0x00000000000091b2                nrfx_isr
 .text.nrfx_busy_wait
                0x00000000000091b4        0x4 modules/hal_nordic/nrfx/libmodules__hal_nordic__nrfx.a(nrfx_glue.c.obj)
                0x00000000000091b4                nrfx_busy_wait
 .text.nrfx_clock_stop
                0x00000000000091b8        0x4 modules/hal_nordic/nrfx/libmodules__hal_nordic__nrfx.a(nrfx_clock.c.obj)
                0x00000000000091b8                nrfx_clock_stop
 .text.nrf_gpio_reconfigure
                0x00000000000091bc       0x92 modules/hal_nordic/nrfx/libmodules__hal_nordic__nrfx.a(nrfx_gpiote.c.obj)
 .text.nrf_gpio_cfg_sense_set
                0x000000000000924e       0x1e modules/hal_nordic/nrfx/libmodules__hal_nordic__nrfx.a(nrfx_gpiote.c.obj)
 .text.call_handler
                0x000000000000926c       0x3e modules/hal_nordic/nrfx/libmodules__hal_nordic__nrfx.a(nrfx_gpiote.c.obj)
 .text.__nrfy_internal_gpiote_events_process
                0x00000000000092aa       0x4e modules/hal_nordic/nrfx/libmodules__hal_nordic__nrfx.a(nrfx_gpiote.c.obj)
 .text.pin_trigger_disable
                0x00000000000092f8       0x4a modules/hal_nordic/nrfx/libmodules__hal_nordic__nrfx.a(nrfx_gpiote.c.obj)
 .text.nrfx_gpiote_pin_uninit
                0x0000000000009342        0x4 modules/hal_nordic/nrfx/libmodules__hal_nordic__nrfx.a(nrfx_gpiote.c.obj)
                0x0000000000009342                nrfx_gpiote_pin_uninit
 .text.nrfx_gpiote_trigger_disable
                0x0000000000009346        0x4 modules/hal_nordic/nrfx/libmodules__hal_nordic__nrfx.a(nrfx_gpiote.c.obj)
                0x0000000000009346                nrfx_gpiote_trigger_disable
 .text.xfer_completeness_check
                0x000000000000934a       0x62 modules/hal_nordic/nrfx/libmodules__hal_nordic__nrfx.a(nrfx_twim.c.obj)
 .text.__nrfy_internal_twim_event_handle.isra.0
                0x00000000000093ac       0x22 modules/hal_nordic/nrfx/libmodules__hal_nordic__nrfx.a(nrfx_twim.c.obj)
 .text.__nrfy_internal_twim_events_process.constprop.0
                0x00000000000093ce       0x54 modules/hal_nordic/nrfx/libmodules__hal_nordic__nrfx.a(nrfx_twim.c.obj)
 .text.nrf_gpio_pin_set
                0x0000000000009422       0x18 modules/hal_nordic/nrfx/libmodules__hal_nordic__nrfx.a(nrfx_twi_twim.c.obj)
 .text.z_impl_k_busy_wait
                0x000000000000943a        0x8 zephyr/kernel/libkernel.a(busy_wait.c.obj)
                0x000000000000943a                z_impl_k_busy_wait
 .text.z_device_state_init
                0x0000000000009442        0x2 zephyr/kernel/libkernel.a(device.c.obj)
                0x0000000000009442                z_device_state_init
 .text.z_impl_device_is_ready
                0x0000000000009444       0x16 zephyr/kernel/libkernel.a(device.c.obj)
                0x0000000000009444                z_impl_device_is_ready
 .text.arch_system_halt
                0x000000000000945a       0x10 zephyr/kernel/libkernel.a(fatal.c.obj)
                0x000000000000945a                arch_system_halt
 .text.k_sys_fatal_error_handler
                0x000000000000946a        0x6 zephyr/kernel/libkernel.a(fatal.c.obj)
                0x000000000000946a                k_sys_fatal_error_handler
 .text.do_device_init
                0x0000000000009470       0x30 zephyr/kernel/libkernel.a(init.c.obj)
 .text.z_early_memset
                0x00000000000094a0        0x4 zephyr/kernel/libkernel.a(init.c.obj)
                0x00000000000094a0                z_early_memset
 .text.z_early_memcpy
                0x00000000000094a4        0x4 zephyr/kernel/libkernel.a(init.c.obj)
                0x00000000000094a4                z_early_memcpy
 .text.z_init_static
                0x00000000000094a8        0x2 zephyr/kernel/libkernel.a(init_static.c.obj)
                0x00000000000094a8                z_init_static
 .text.idle     0x00000000000094aa       0x16 zephyr/kernel/libkernel.a(idle.c.obj)
                0x00000000000094aa                idle
 .text.adjust_owner_prio.isra.0
                0x00000000000094c0       0x10 zephyr/kernel/libkernel.a(mutex.c.obj)
 .text.z_impl_k_mutex_init
                0x00000000000094d0        0xe zephyr/kernel/libkernel.a(mutex.c.obj)
                0x00000000000094d0                z_impl_k_mutex_init
 .text.z_impl_k_sem_init
                0x00000000000094de       0x18 zephyr/kernel/libkernel.a(sem.c.obj)
                0x00000000000094de                z_impl_k_sem_init
 .text.flag_test_and_clear
                0x00000000000094f6       0x16 zephyr/kernel/libkernel.a(work.c.obj)
 .text.notify_queue_locked.isra.0
                0x000000000000950c        0xe zephyr/kernel/libkernel.a(work.c.obj)
 .text.z_work_submit_to_queue
                0x000000000000951a       0x26 zephyr/kernel/libkernel.a(work.c.obj)
                0x000000000000951a                z_work_submit_to_queue
 .text.k_work_submit_to_queue
                0x0000000000009540       0x20 zephyr/kernel/libkernel.a(work.c.obj)
                0x0000000000009540                k_work_submit_to_queue
 .text.k_is_in_isr
                0x0000000000009560        0xc zephyr/kernel/libkernel.a(thread.c.obj)
                0x0000000000009560                k_is_in_isr
 .text.z_impl_k_thread_name_set
                0x000000000000956c        0x6 zephyr/kernel/libkernel.a(thread.c.obj)
                0x000000000000956c                z_impl_k_thread_name_set
 .text.z_impl_k_thread_start
                0x0000000000009572        0x4 zephyr/kernel/libkernel.a(thread.c.obj)
                0x0000000000009572                z_impl_k_thread_start
 .text.sys_dlist_remove
                0x0000000000009576       0x10 zephyr/kernel/libkernel.a(sched.c.obj)
 .text.unpend_thread_no_timeout
                0x0000000000009586       0x14 zephyr/kernel/libkernel.a(sched.c.obj)
 .text.add_to_waitq_locked
                0x000000000000959a       0x50 zephyr/kernel/libkernel.a(sched.c.obj)
 .text.z_ready_thread
                0x00000000000095ea       0x1e zephyr/kernel/libkernel.a(sched.c.obj)
                0x00000000000095ea                z_ready_thread
 .text.z_impl_k_thread_suspend
                0x0000000000009608       0x34 zephyr/kernel/libkernel.a(sched.c.obj)
                0x0000000000009608                z_impl_k_thread_suspend
 .text.z_sched_wake_thread
                0x000000000000963c       0x42 zephyr/kernel/libkernel.a(sched.c.obj)
                0x000000000000963c                z_sched_wake_thread
 .text.z_thread_timeout
                0x000000000000967e        0x8 zephyr/kernel/libkernel.a(sched.c.obj)
                0x000000000000967e                z_thread_timeout
 .text.z_unpend_first_thread
                0x0000000000009686       0x36 zephyr/kernel/libkernel.a(sched.c.obj)
                0x0000000000009686                z_unpend_first_thread
 .text.z_thread_abort
                0x00000000000096bc       0x44 zephyr/kernel/libkernel.a(sched.c.obj)
                0x00000000000096bc                z_thread_abort
 .text.z_sched_wake
                0x0000000000009700       0x44 zephyr/kernel/libkernel.a(sched.c.obj)
                0x0000000000009700                z_sched_wake
 .text.z_abort_timeout
                0x0000000000009744       0x2a zephyr/kernel/libkernel.a(timeout.c.obj)
                0x0000000000009744                z_abort_timeout
 .text.sys_clock_tick_get_32
                0x000000000000976e        0x8 zephyr/kernel/libkernel.a(timeout.c.obj)
                0x000000000000976e                sys_clock_tick_get_32
 .text.z_impl_k_uptime_ticks
                0x0000000000009776        0x4 zephyr/kernel/libkernel.a(timeout.c.obj)
                0x0000000000009776                z_impl_k_uptime_ticks
 .text.memcpy   0x000000000000977a       0x1a /home/zengzhi/ncs/toolchains/b77d8c1312/opt/zephyr-sdk/arm-zephyr-eabi/bin/../lib/gcc/../../picolibc/arm-zephyr-eabi/lib/thumb/v8-m.main/nofp/libc.a(memcpy.c.o)
                0x000000000000977a                memcpy
                0x000000000000977a                __aeabi_memcpy
                0x000000000000977a                __aeabi_memcpy4
                0x000000000000977a                __aeabi_memcpy8
 .text.memset   0x0000000000009794       0x10 /home/zengzhi/ncs/toolchains/b77d8c1312/opt/zephyr-sdk/arm-zephyr-eabi/bin/../lib/gcc/../../picolibc/arm-zephyr-eabi/lib/thumb/v8-m.main/nofp/libc.a(memset.c.o)
                0x0000000000009794                memset
 .text.strnlen  0x00000000000097a4       0x18 /home/zengzhi/ncs/toolchains/b77d8c1312/opt/zephyr-sdk/arm-zephyr-eabi/bin/../lib/gcc/../../picolibc/arm-zephyr-eabi/lib/thumb/v8-m.main/nofp/libc.a(libc_string_strnlen.c.o)
                0x00000000000097a4                strnlen
 .text.__ultoa_invert
                0x00000000000097bc       0xac /home/zengzhi/ncs/toolchains/b77d8c1312/opt/zephyr-sdk/arm-zephyr-eabi/bin/../lib/gcc/../../picolibc/arm-zephyr-eabi/lib/thumb/v8-m.main/nofp/libc.a(libc_tinystdio_vflprintf.c.o)
 .text.__math_uflow
                0x0000000000009868       0x10 /home/zengzhi/ncs/toolchains/b77d8c1312/opt/zephyr-sdk/arm-zephyr-eabi/bin/../lib/gcc/../../picolibc/arm-zephyr-eabi/lib/thumb/v8-m.main/nofp/libc.a(libm_common_math_err_uflow.c.o)
                0x0000000000009868                __math_uflow
 .text.fmaxf    0x0000000000009878       0x48 /home/zengzhi/ncs/toolchains/b77d8c1312/opt/zephyr-sdk/arm-zephyr-eabi/bin/../lib/gcc/../../picolibc/arm-zephyr-eabi/lib/thumb/v8-m.main/nofp/libc.a(libm_common_sf_fmax.c.o)
                0x0000000000009878                fmaxf
 .text.fminf    0x00000000000098c0       0x48 /home/zengzhi/ncs/toolchains/b77d8c1312/opt/zephyr-sdk/arm-zephyr-eabi/bin/../lib/gcc/../../picolibc/arm-zephyr-eabi/lib/thumb/v8-m.main/nofp/libc.a(libm_common_sf_fmin.c.o)
                0x00000000000098c0                fminf
 .text.__issignalingf
                0x0000000000009908       0x12 /home/zengzhi/ncs/toolchains/b77d8c1312/opt/zephyr-sdk/arm-zephyr-eabi/bin/../lib/gcc/../../picolibc/arm-zephyr-eabi/lib/thumb/v8-m.main/nofp/libc.a(libm_common_sf_issignaling.c.o)
                0x0000000000009908                __issignalingf
 *(SORT_BY_ALIGNMENT(.TEXT.*))
 *fill*         0x000000000000991a        0x2 
 .TEXT.__aeabi_read_tp
                0x000000000000991c        0xc zephyr/arch/arch/arm/core/cortex_m/libarch__arm__core__cortex_m.a(__aeabi_read_tp.S.obj)
                0x000000000000991c                __aeabi_read_tp
 *(SORT_BY_ALIGNMENT(.gnu.linkonce.t.*))
 *(SORT_BY_ALIGNMENT(.glue_7t))
 .glue_7t       0x0000000000009928        0x0 linker stubs
 *(SORT_BY_ALIGNMENT(.glue_7))
 .glue_7        0x0000000000009928        0x0 linker stubs
 *(SORT_BY_ALIGNMENT(.vfp11_veneer))
 .vfp11_veneer  0x0000000000009928        0x0 linker stubs
 *(SORT_BY_ALIGNMENT(.v4_bx))
 .v4_bx         0x0000000000009928        0x0 linker stubs
                0x0000000000009928                . = ALIGN (0x4)
                0x0000000000009928                __text_region_end = .

.ARM.exidx      0x0000000000009928        0x8
                0x0000000000009928                __exidx_start = .
 *(SORT_BY_ALIGNMENT(.ARM.exidx*) SORT_BY_ALIGNMENT(gnu.linkonce.armexidx.*))
 .ARM.exidx     0x0000000000009928        0x8 /home/zengzhi/ncs/toolchains/b77d8c1312/opt/zephyr-sdk/arm-zephyr-eabi/bin/../lib/gcc/arm-zephyr-eabi/12.2.0/thumb/v8-m.main/nofp/libgcc.a(_udivmoddi4.o)
                0x0000000000009930                __exidx_end = .
                0x0000000000009930                __rodata_region_start = .

initlevel       0x0000000000009930       0xa0
                0x0000000000009930                __init_start = .
                0x0000000000009930                __init_EARLY_start = .
 *(SORT_BY_NAME(SORT_BY_ALIGNMENT(.z_init_EARLY?_*)))
 *(SORT_BY_NAME(SORT_BY_ALIGNMENT(.z_init_EARLY??_*)))
                0x0000000000009930                __init_PRE_KERNEL_1_start = .
 *(SORT_BY_NAME(SORT_BY_ALIGNMENT(.z_init_PRE_KERNEL_1?_*)))
 .z_init_PRE_KERNEL_10_0_
                0x0000000000009930        0x8 zephyr/soc/soc/nrf54l15/libsoc__nordic.a(soc.c.obj)
 *(SORT_BY_NAME(SORT_BY_ALIGNMENT(.z_init_PRE_KERNEL_1??_*)))
 .z_init_PRE_KERNEL_130_00061_
                0x0000000000009938        0x8 zephyr/drivers/clock_control/libdrivers__clock_control.a(clock_control_nrf.c.obj)
 .z_init_PRE_KERNEL_140_00010_
                0x0000000000009940        0x8 zephyr/drivers/gpio/libdrivers__gpio.a(gpio_nrfx.c.obj)
 .z_init_PRE_KERNEL_140_00012_
                0x0000000000009948        0x8 zephyr/drivers/gpio/libdrivers__gpio.a(gpio_nrfx.c.obj)
 .z_init_PRE_KERNEL_140_00024_
                0x0000000000009950        0x8 zephyr/drivers/gpio/libdrivers__gpio.a(gpio_nrfx.c.obj)
 .z_init_PRE_KERNEL_150_00102_
                0x0000000000009958        0x8 zephyr/drivers/serial/libdrivers__serial.a(uart_nrfx_uarte.c.obj)
 .z_init_PRE_KERNEL_160_0_
                0x0000000000009960        0x8 zephyr/drivers/console/libdrivers__console.a(uart_console.c.obj)
                0x0000000000009968                __init_PRE_KERNEL_2_start = .
 *(SORT_BY_NAME(SORT_BY_ALIGNMENT(.z_init_PRE_KERNEL_2?_*)))
 .z_init_PRE_KERNEL_20_0_
                0x0000000000009968        0x8 zephyr/drivers/timer/libdrivers__timer.a(nrf_grtc_timer.c.obj)
 *(SORT_BY_NAME(SORT_BY_ALIGNMENT(.z_init_PRE_KERNEL_2??_*)))
                0x0000000000009970                __init_POST_KERNEL_start = .
 *(SORT_BY_NAME(SORT_BY_ALIGNMENT(.z_init_POST_KERNEL?_*)))
 *(SORT_BY_NAME(SORT_BY_ALIGNMENT(.z_init_POST_KERNEL??_*)))
 .z_init_POST_KERNEL35_0_
                0x0000000000009970        0x8 zephyr/lib/libc/common/liblib__libc__common.a(malloc.c.obj)
 .z_init_POST_KERNEL40_0_
                0x0000000000009978        0x8 zephyr/kernel/libkernel.a(system_work_q.c.obj)
 .z_init_POST_KERNEL50_00108_
                0x0000000000009980        0x8 zephyr/drivers/i2c/libdrivers__i2c.a(i2c_nrfx_twim.c.obj)
 .z_init_POST_KERNEL80_00110_
                0x0000000000009988        0x8 zephyr/drivers/mfd/libdrivers__mfd.a(mfd_npm1300.c.obj)
 .z_init_POST_KERNEL85_00113_
                0x0000000000009990        0x8 zephyr/drivers/gpio/libdrivers__gpio.a(gpio_npm1300.c.obj)
 .z_init_POST_KERNEL85_00116_
                0x0000000000009998        0x8 zephyr/drivers/regulator/libdrivers__regulator.a(regulator_npm1300.c.obj)
 .z_init_POST_KERNEL86_00117_
                0x00000000000099a0        0x8 zephyr/drivers/regulator/libdrivers__regulator.a(regulator_npm1300.c.obj)
 .z_init_POST_KERNEL86_00118_
                0x00000000000099a8        0x8 zephyr/drivers/regulator/libdrivers__regulator.a(regulator_npm1300.c.obj)
 .z_init_POST_KERNEL86_00119_
                0x00000000000099b0        0x8 zephyr/drivers/regulator/libdrivers__regulator.a(regulator_npm1300.c.obj)
 .z_init_POST_KERNEL86_00120_
                0x00000000000099b8        0x8 zephyr/drivers/regulator/libdrivers__regulator.a(regulator_npm1300.c.obj)
 .z_init_POST_KERNEL90_00093_
                0x00000000000099c0        0x8 zephyr/drivers/sensor/nordic/temp/libdrivers__sensor__nordic__temp.a(temp_nrf5.c.obj)
 .z_init_POST_KERNEL90_00111_
                0x00000000000099c8        0x8 zephyr/drivers/sensor/nordic/npm1300_charger/libdrivers__sensor__nordic__npm1300_charger.a(npm1300_charger.c.obj)
                0x00000000000099d0                __init_APPLICATION_start = .
 *(SORT_BY_NAME(SORT_BY_ALIGNMENT(.z_init_APPLICATION?_*)))
 *(SORT_BY_NAME(SORT_BY_ALIGNMENT(.z_init_APPLICATION??_*)))
                0x00000000000099d0                __init_SMP_start = .
 *(SORT_BY_NAME(SORT_BY_ALIGNMENT(.z_init_SMP?_*)))
 *(SORT_BY_NAME(SORT_BY_ALIGNMENT(.z_init_SMP??_*)))
                0x00000000000099d0                __init_end = .
                0x00000000000099d0                __deferred_init_list_start = .
 *(SORT_BY_ALIGNMENT(.z_deferred_init*))
                0x00000000000099d0                __deferred_init_list_end = .

device_area     0x00000000000099d0      0x168
                0x00000000000099d0                _device_list_start = .
 *(SORT_BY_NAME(SORT_BY_ALIGNMENT(._device.static.*_?_*)))
 *(SORT_BY_NAME(SORT_BY_ALIGNMENT(._device.static.*_??_*)))
 ._device.static.1_30_
                0x00000000000099d0       0x18 zephyr/drivers/clock_control/libdrivers__clock_control.a(clock_control_nrf.c.obj)
                0x00000000000099d0                __device_dts_ord_61
 ._device.static.1_40_
                0x00000000000099e8       0x48 zephyr/drivers/gpio/libdrivers__gpio.a(gpio_nrfx.c.obj)
                0x00000000000099e8                __device_dts_ord_12
                0x0000000000009a00                __device_dts_ord_10
                0x0000000000009a18                __device_dts_ord_24
 ._device.static.1_50_
                0x0000000000009a30       0x18 zephyr/drivers/serial/libdrivers__serial.a(uart_nrfx_uarte.c.obj)
                0x0000000000009a30                __device_dts_ord_102
 ._device.static.3_50_
                0x0000000000009a48       0x18 zephyr/drivers/i2c/libdrivers__i2c.a(i2c_nrfx_twim.c.obj)
                0x0000000000009a48                __device_dts_ord_108
 ._device.static.3_80_
                0x0000000000009a60       0x18 zephyr/drivers/mfd/libdrivers__mfd.a(mfd_npm1300.c.obj)
                0x0000000000009a60                __device_dts_ord_110
 ._device.static.3_85_
                0x0000000000009a78       0x18 zephyr/drivers/gpio/libdrivers__gpio.a(gpio_npm1300.c.obj)
                0x0000000000009a78                __device_dts_ord_113
 ._device.static.3_85_
                0x0000000000009a90       0x18 zephyr/drivers/regulator/libdrivers__regulator.a(regulator_npm1300.c.obj)
                0x0000000000009a90                __device_dts_ord_116
 ._device.static.3_86_
                0x0000000000009aa8       0x60 zephyr/drivers/regulator/libdrivers__regulator.a(regulator_npm1300.c.obj)
                0x0000000000009aa8                __device_dts_ord_120
                0x0000000000009ac0                __device_dts_ord_119
                0x0000000000009ad8                __device_dts_ord_118
                0x0000000000009af0                __device_dts_ord_117
 ._device.static.3_90_
                0x0000000000009b08       0x18 zephyr/drivers/sensor/nordic/temp/libdrivers__sensor__nordic__temp.a(temp_nrf5.c.obj)
                0x0000000000009b08                __device_dts_ord_93
 ._device.static.3_90_
                0x0000000000009b20       0x18 zephyr/drivers/sensor/nordic/npm1300_charger/libdrivers__sensor__nordic__npm1300_charger.a(npm1300_charger.c.obj)
                0x0000000000009b20                __device_dts_ord_111
                0x0000000000009b38                _device_list_end = .

sw_isr_table    0x0000000000009b38      0x878
                0x0000000000009b38                . = ALIGN (0x4)
 *(SORT_BY_ALIGNMENT(.gnu.linkonce.sw_isr_table*))
 .gnu.linkonce.sw_isr_table
                0x0000000000009b38      0x878 zephyr/arch/common/libisr_tables.a(isr_tables.c.obj)
                0x0000000000009b38                _sw_isr_table

initlevel_error
                0x0000000000009930        0x0
 *(SORT_BY_NAME(SORT_BY_ALIGNMENT(.z_init_[_A-Z0-9]*)))
                0x0000000000000001                ASSERT ((SIZEOF (initlevel_error) == 0x0), Undefined initialization levels used.)

app_shmem_regions
                0x000000000000a3b0        0x0
                0x000000000000a3b0                __app_shmem_regions_start = .
 *(SORT_BY_NAME(SORT_BY_ALIGNMENT(.app_regions.*)))
                0x000000000000a3b0                __app_shmem_regions_end = .

k_p4wq_initparam_area
                0x000000000000a3b0        0x0
                0x000000000000a3b0                _k_p4wq_initparam_list_start = .
 *(SORT_BY_NAME(SORT_BY_ALIGNMENT(._k_p4wq_initparam.static.*)))
                0x000000000000a3b0                _k_p4wq_initparam_list_end = .

_static_thread_data_area
                0x000000000000a3b0        0x0
                0x000000000000a3b0                __static_thread_data_list_start = .
 *(SORT_BY_NAME(SORT_BY_ALIGNMENT(.__static_thread_data.static.*)))
                0x000000000000a3b0                __static_thread_data_list_end = .

device_deps     0x000000000000a3b0        0x0
                0x000000000000a3b0                __device_deps_start = .
 *(SORT_BY_NAME(SORT_BY_ALIGNMENT(.__device_deps_pass2*)))
                0x000000000000a3b0                __device_deps_end = .

ztest           0x000000000000a3b0        0x0
                0x000000000000a3b0                _ztest_expected_result_entry_list_start = .
 *(SORT_BY_NAME(SORT_BY_ALIGNMENT(._ztest_expected_result_entry.static.*)))
                0x000000000000a3b0                _ztest_expected_result_entry_list_end = .
                0x000000000000a3b0                _ztest_suite_node_list_start = .
 *(SORT_BY_NAME(SORT_BY_ALIGNMENT(._ztest_suite_node.static.*)))
                0x000000000000a3b0                _ztest_suite_node_list_end = .
                0x000000000000a3b0                _ztest_unit_test_list_start = .
 *(SORT_BY_NAME(SORT_BY_ALIGNMENT(._ztest_unit_test.static.*)))
                0x000000000000a3b0                _ztest_unit_test_list_end = .
                0x000000000000a3b0                _ztest_test_rule_list_start = .
 *(SORT_BY_NAME(SORT_BY_ALIGNMENT(._ztest_test_rule.static.*)))
                0x000000000000a3b0                _ztest_test_rule_list_end = .

init_array      0x000000000000a3b0        0x0
 *(SORT_BY_NAME(SORT_BY_ALIGNMENT(.ctors*)))
 *(SORT_BY_NAME(SORT_BY_ALIGNMENT(.init_array*)))
                0x0000000000000001                ASSERT ((SIZEOF (init_array) == 0x0), GNU-style constructors required but STATIC_INIT_GNU not enabled)

bt_l2cap_fixed_chan_area
                0x000000000000a3b0        0x0
                0x000000000000a3b0                _bt_l2cap_fixed_chan_list_start = .
 *(SORT_BY_NAME(SORT_BY_ALIGNMENT(._bt_l2cap_fixed_chan.static.*)))
                0x000000000000a3b0                _bt_l2cap_fixed_chan_list_end = .

bt_gatt_service_static_area
                0x000000000000a3b0        0x0
                0x000000000000a3b0                _bt_gatt_service_static_list_start = .
 *(SORT_BY_NAME(SORT_BY_ALIGNMENT(._bt_gatt_service_static.static.*)))
                0x000000000000a3b0                _bt_gatt_service_static_list_end = .

log_strings_area
                0x000000000000a3b0        0x0
                0x000000000000a3b0                _log_strings_list_start = .
 *(SORT_BY_NAME(SORT_BY_ALIGNMENT(._log_strings.static.*)))
                0x000000000000a3b0                _log_strings_list_end = .

log_const_area  0x000000000000a3b0        0x0
                0x000000000000a3b0                _log_const_list_start = .
 *(SORT_BY_NAME(SORT_BY_ALIGNMENT(._log_const.static.*)))
                0x000000000000a3b0                _log_const_list_end = .

log_backend_area
                0x000000000000a3b0        0x0
                0x000000000000a3b0                _log_backend_list_start = .
 *(SORT_BY_NAME(SORT_BY_ALIGNMENT(._log_backend.static.*)))
                0x000000000000a3b0                _log_backend_list_end = .

log_link_area   0x000000000000a3b0        0x0
                0x000000000000a3b0                _log_link_list_start = .
 *(SORT_BY_NAME(SORT_BY_ALIGNMENT(._log_link.static.*)))
                0x000000000000a3b0                _log_link_list_end = .

tracing_backend_area
                0x000000000000a3b0        0x0
                0x000000000000a3b0                _tracing_backend_list_start = .
 *(SORT_BY_NAME(SORT_BY_ALIGNMENT(._tracing_backend.static.*)))
                0x000000000000a3b0                _tracing_backend_list_end = .

zephyr_dbg_info
 *(SORT_BY_ALIGNMENT(.dbg_thread_info))

intc_table_area
                0x000000000000a3b0        0x0